node : Firebase initialization failed (likely missing env vars). Using 
mock services.
At line:1 char:1
+ node src/verify_news_logic.js > test_output.txt 2>&1
+ ~~~~~~~~~~~~~~~~~~~~~~~~~~~~~~~~~~~~~~~~~~~~~~~~~~~~
    + CategoryInfo          : NotSpecified: (Firebase initia... mock ser 
   vices.:String) [], RemoteException
    + FullyQualifiedErrorId : NativeCommandError
 
AlphaTracker singleton initialized with methods: [
  'constructor',
  'logTrade',
  'getStats',
  'getReliability',
  'getAllStats',
  '_updateStats'
]
≡ƒÜÇ Verifying News-Scenario Integration...

Case 1: Normal Bullish Trend (No imminent news)...
LiveOrderBookStore: Tracking BTC/USDT (100ms frequency)
Failed to fetch news: TypeError: Failed to parse URL from 
/api/news/cryptopanic?currencies=BTC&kind=news
    at node:internal/deps/undici/undici:16416:13
    at async NewsService.fetchRealNews (file:///C:/Users/movies/Workspace
/advanced-trading-platform/src/services/newsService.js:17:25)
    at async Promise.all (index 0)
    at async AnalysisOrchestrator.analyze (file:///C:/Users/movies/Worksp
ace/advanced-trading-platform/src/services/analysisOrchestrator.js:317:46
)
    at async verifyNewsIntegration (file:///C:/Users/movies/Workspace/adv
anced-trading-platform/src/verify_news_logic.js:25:28) {
  [cause]: TypeError: Invalid URL
      at new URL (node:internal/url:828:25)
      at new Request (node:internal/deps/undici/undici:10971:25)
      at fetch (node:internal/deps/undici/undici:11891:25)
      at fetch (node:internal/deps/undici/undici:16414:10)
      at fetch 
(node:internal/bootstrap/web/exposed-window-or-worker:83:12)
      at NewsService.fetchRealNews (file:///C:/Users/movies/Workspace/adv
anced-trading-platform/src/services/newsService.js:17:31)
      at AnalysisOrchestrator.analyze (file:///C:/Users/movies/Workspace/
advanced-trading-platform/src/services/analysisOrchestrator.js:318:33)
      at async verifyNewsIntegration (file:///C:/Users/movies/Workspace/a
dvanced-trading-platform/src/verify_news_logic.js:25:28) {
    code: 'ERR_INVALID_URL',
    input: '/api/news/cryptopanic?currencies=BTC&kind=news'
  }
}
[NEWS] Calendar fetch failed: TypeError: Failed to parse URL from 
/api/news/calendar?from=2026-02-09&to=2026-02-10
    at node:internal/deps/undici/undici:16416:13
    at async NewsService.fetchEconomicCalendar (file:///C:/Users/movies/W
orkspace/advanced-trading-platform/src/services/newsService.js:45:25)
    at async NewsService.getUpcomingShocks (file:///C:/Users/movies/Works
pace/advanced-trading-platform/src/services/newsService.js:90:24)
    at async Promise.all (index 1)
    at async AnalysisOrchestrator.analyze (file:///C:/Users/movies/Worksp
ace/advanced-trading-platform/src/services/analysisOrchestrator.js:317:46
)
    at async verifyNewsIntegration (file:///C:/Users/movies/Workspace/adv
anced-trading-platform/src/verify_news_logic.js:25:28) {
  [cause]: TypeError: Invalid URL
      at new URL (node:internal/url:828:25)
      at new Request (node:internal/deps/undici/undici:10971:25)
      at fetch (node:internal/deps/undici/undici:11891:25)
      at fetch (node:internal/deps/undici/undici:16414:10)
      at fetch 
(node:internal/bootstrap/web/exposed-window-or-worker:83:12)
      at NewsService.fetchEconomicCalendar (file:///C:/Users/movies/Works
pace/advanced-trading-platform/src/services/newsService.js:45:31)
      at NewsService.getUpcomingShocks (file:///C:/Users/movies/Workspace
/advanced-trading-platform/src/services/newsService.js:90:35)
      at AnalysisOrchestrator.analyze (file:///C:/Users/movies/Workspace/
advanced-trading-platform/src/services/analysisOrchestrator.js:319:33)
      at async verifyNewsIntegration (file:///C:/Users/movies/Workspace/a
dvanced-trading-platform/src/verify_news_logic.js:25:28) {
    code: 'ERR_INVALID_URL',
    input: '/api/news/calendar?from=2026-02-09&to=2026-02-10'
  }
}
[NEWS] Calendar fetch failed: TypeError: Failed to parse URL from 
/api/news/calendar?from=2026-02-09&to=2026-02-10
    at node:internal/deps/undici/undici:16416:13
    at async NewsService.fetchEconomicCalendar (file:///C:/Users/movies/W
orkspace/advanced-trading-platform/src/services/newsService.js:45:25)
    at async NewsService.getUpcomingShocks (file:///C:/Users/movies/Works
pace/advanced-trading-platform/src/services/newsService.js:90:24)
    at async CorrelationEngine.analyzeEventRisk (file:///C:/Users/movies/
Workspace/advanced-trading-platform/src/services/correlationEngine.js:239
:28)
    at async AnalysisOrchestrator.analyze (file:///C:/Users/movies/Worksp
ace/advanced-trading-platform/src/services/analysisOrchestrator.js:339:33
)
    at async verifyNewsIntegration (file:///C:/Users/movies/Workspace/adv
anced-trading-platform/src/verify_news_logic.js:25:28) {
  [cause]: TypeError: Invalid URL
      at new URL (node:internal/url:828:25)
      at new Request (node:internal/deps/undici/undici:10971:25)
      at fetch (node:internal/deps/undici/undici:11891:25)
      at fetch (node:internal/deps/undici/undici:16414:10)
      at fetch 
(node:internal/bootstrap/web/exposed-window-or-worker:83:12)
      at NewsService.fetchEconomicCalendar (file:///C:/Users/movies/Works
pace/advanced-trading-platform/src/services/newsService.js:45:31)
      at NewsService.getUpcomingShocks (file:///C:/Users/movies/Workspace
/advanced-trading-platform/src/services/newsService.js:90:35)
      at CorrelationEngine.analyzeEventRisk (file:///C:/Users/movies/Work
space/advanced-trading-platform/src/services/correlationEngine.js:239:46)
      at AnalysisOrchestrator.analyze (file:///C:/Users/movies/Workspace/
advanced-trading-platform/src/services/analysisOrchestrator.js:339:62)
      at async verifyNewsIntegration (file:///C:/Users/movies/Workspace/a
dvanced-trading-platform/src/verify_news_logic.js:25:28) {
    code: 'ERR_INVALID_URL',
    input: '/api/news/calendar?from=2026-02-09&to=2026-02-10'
  }
}
CRITICAL: API Connection Failed for BTCUSDT TypeError: Failed to parse 
URL from /api/binance/klines?symbol=BTCUSDT&interval=1d&limit=2
    at node:internal/deps/undici/undici:16416:13
    at async MarketDataService.fetchHistory (file:///C:/Users/movies/Work
space/advanced-trading-platform/src/services/marketData.js:121:25)
    at async Promise.all (index 0)
    at async AnalysisOrchestrator.analyze (file:///C:/Users/movies/Worksp
ace/advanced-trading-platform/src/services/analysisOrchestrator.js:465:44
)
    at async verifyNewsIntegration (file:///C:/Users/movies/Workspace/adv
anced-trading-platform/src/verify_news_logic.js:25:28) {
  [cause]: TypeError: Invalid URL
      at new URL (node:internal/url:828:25)
      at new Request (node:internal/deps/undici/undici:10971:25)
      at fetch (node:internal/deps/undici/undici:11891:25)
      at fetch (node:internal/deps/undici/undici:16414:10)
      at fetch 
(node:internal/bootstrap/web/exposed-window-or-worker:83:12)
      at MarketDataService.fetchHistory (file:///C:/Users/movies/Workspac
e/advanced-trading-platform/src/services/marketData.js:121:31)
      at file:///C:/Users/movies/Workspace/advanced-trading-platform/src/
services/analysisOrchestrator.js:466:57
      at Array.map (<anonymous>)
      at AnalysisOrchestrator.analyze (file:///C:/Users/movies/Workspace/
advanced-trading-platform/src/services/analysisOrchestrator.js:466:37)
      at async verifyNewsIntegration (file:///C:/Users/movies/Workspace/a
dvanced-trading-platform/src/verify_news_logic.js:25:28) {
    code: 'ERR_INVALID_URL',
    input: '/api/binance/klines?symbol=BTCUSDT&interval=1d&limit=2'
  }
}
CRITICAL: API Connection Failed for ETHUSDT TypeError: Failed to parse 
URL from /api/binance/klines?symbol=ETHUSDT&interval=1d&limit=2
    at node:internal/deps/undici/undici:16416:13
    at async MarketDataService.fetchHistory (file:///C:/Users/movies/Work
space/advanced-trading-platform/src/services/marketData.js:121:25)
    at async Promise.all (index 1)
    at async AnalysisOrchestrator.analyze (file:///C:/Users/movies/Worksp
ace/advanced-trading-platform/src/services/analysisOrchestrator.js:465:44
)
    at async verifyNewsIntegration (file:///C:/Users/movies/Workspace/adv
anced-trading-platform/src/verify_news_logic.js:25:28) {
  [cause]: TypeError: Invalid URL
      at new URL (node:internal/url:828:25)
      at new Request (node:internal/deps/undici/undici:10971:25)
      at fetch (node:internal/deps/undici/undici:11891:25)
      at fetch (node:internal/deps/undici/undici:16414:10)
      at fetch 
(node:internal/bootstrap/web/exposed-window-or-worker:83:12)
      at MarketDataService.fetchHistory (file:///C:/Users/movies/Workspac
e/advanced-trading-platform/src/services/marketData.js:121:31)
      at file:///C:/Users/movies/Workspace/advanced-trading-platform/src/
services/analysisOrchestrator.js:466:57
      at Array.map (<anonymous>)
      at AnalysisOrchestrator.analyze (file:///C:/Users/movies/Workspace/
advanced-trading-platform/src/services/analysisOrchestrator.js:466:37)
      at async verifyNewsIntegration (file:///C:/Users/movies/Workspace/a
dvanced-trading-platform/src/verify_news_logic.js:25:28) {
    code: 'ERR_INVALID_URL',
    input: '/api/binance/klines?symbol=ETHUSDT&interval=1d&limit=2'
  }
}
CRITICAL: API Connection Failed for BNBUSDT TypeError: Failed to parse 
URL from /api/binance/klines?symbol=BNBUSDT&interval=1d&limit=2
    at node:internal/deps/undici/undici:16416:13
    at async MarketDataService.fetchHistory (file:///C:/Users/movies/Work
space/advanced-trading-platform/src/services/marketData.js:121:25)
    at async Promise.all (index 2)
    at async AnalysisOrchestrator.analyze (file:///C:/Users/movies/Worksp
ace/advanced-trading-platform/src/services/analysisOrchestrator.js:465:44
)
    at async verifyNewsIntegration (file:///C:/Users/movies/Workspace/adv
anced-trading-platform/src/verify_news_logic.js:25:28) {
  [cause]: TypeError: Invalid URL
      at new URL (node:internal/url:828:25)
      at new Request (node:internal/deps/undici/undici:10971:25)
      at fetch (node:internal/deps/undici/undici:11891:25)
      at fetch (node:internal/deps/undici/undici:16414:10)
      at fetch 
(node:internal/bootstrap/web/exposed-window-or-worker:83:12)
      at MarketDataService.fetchHistory (file:///C:/Users/movies/Workspac
e/advanced-trading-platform/src/services/marketData.js:121:31)
      at file:///C:/Users/movies/Workspace/advanced-trading-platform/src/
services/analysisOrchestrator.js:466:57
      at Array.map (<anonymous>)
      at AnalysisOrchestrator.analyze (file:///C:/Users/movies/Workspace/
advanced-trading-platform/src/services/analysisOrchestrator.js:466:37)
      at async verifyNewsIntegration (file:///C:/Users/movies/Workspace/a
dvanced-trading-platform/src/verify_news_logic.js:25:28) {
    code: 'ERR_INVALID_URL',
    input: '/api/binance/klines?symbol=BNBUSDT&interval=1d&limit=2'
  }
}
CRITICAL: API Connection Failed for SOLUSDT TypeError: Failed to parse 
URL from /api/binance/klines?symbol=SOLUSDT&interval=1d&limit=2
    at node:internal/deps/undici/undici:16416:13
    at async MarketDataService.fetchHistory (file:///C:/Users/movies/Work
space/advanced-trading-platform/src/services/marketData.js:121:25)
    at async Promise.all (index 3)
    at async AnalysisOrchestrator.analyze (file:///C:/Users/movies/Worksp
ace/advanced-trading-platform/src/services/analysisOrchestrator.js:465:44
)
    at async verifyNewsIntegration (file:///C:/Users/movies/Workspace/adv
anced-trading-platform/src/verify_news_logic.js:25:28) {
  [cause]: TypeError: Invalid URL
      at new URL (node:internal/url:828:25)
      at new Request (node:internal/deps/undici/undici:10971:25)
      at fetch (node:internal/deps/undici/undici:11891:25)
      at fetch (node:internal/deps/undici/undici:16414:10)
      at fetch 
(node:internal/bootstrap/web/exposed-window-or-worker:83:12)
      at MarketDataService.fetchHistory (file:///C:/Users/movies/Workspac
e/advanced-trading-platform/src/services/marketData.js:121:31)
      at file:///C:/Users/movies/Workspace/advanced-trading-platform/src/
services/analysisOrchestrator.js:466:57
      at Array.map (<anonymous>)
      at AnalysisOrchestrator.analyze (file:///C:/Users/movies/Workspace/
advanced-trading-platform/src/services/analysisOrchestrator.js:466:37)
      at async verifyNewsIntegration (file:///C:/Users/movies/Workspace/a
dvanced-trading-platform/src/verify_news_logic.js:25:28) {
    code: 'ERR_INVALID_URL',
    input: '/api/binance/klines?symbol=SOLUSDT&interval=1d&limit=2'
  }
}
CRITICAL: API Connection Failed for XRPUSDT TypeError: Failed to parse 
URL from /api/binance/klines?symbol=XRPUSDT&interval=1d&limit=2
    at node:internal/deps/undici/undici:16416:13
    at async MarketDataService.fetchHistory (file:///C:/Users/movies/Work
space/advanced-trading-platform/src/services/marketData.js:121:25)
    at async Promise.all (index 4)
    at async AnalysisOrchestrator.analyze (file:///C:/Users/movies/Worksp
ace/advanced-trading-platform/src/services/analysisOrchestrator.js:465:44
)
    at async verifyNewsIntegration (file:///C:/Users/movies/Workspace/adv
anced-trading-platform/src/verify_news_logic.js:25:28) {
  [cause]: TypeError: Invalid URL
      at new URL (node:internal/url:828:25)
      at new Request (node:internal/deps/undici/undici:10971:25)
      at fetch (node:internal/deps/undici/undici:11891:25)
      at fetch (node:internal/deps/undici/undici:16414:10)
      at fetch 
(node:internal/bootstrap/web/exposed-window-or-worker:83:12)
      at MarketDataService.fetchHistory (file:///C:/Users/movies/Workspac
e/advanced-trading-platform/src/services/marketData.js:121:31)
      at file:///C:/Users/movies/Workspace/advanced-trading-platform/src/
services/analysisOrchestrator.js:466:57
      at Array.map (<anonymous>)
      at AnalysisOrchestrator.analyze (file:///C:/Users/movies/Workspace/
advanced-trading-platform/src/services/analysisOrchestrator.js:466:37)
      at async verifyNewsIntegration (file:///C:/Users/movies/Workspace/a
dvanced-trading-platform/src/verify_news_logic.js:25:28) {
    code: 'ERR_INVALID_URL',
    input: '/api/binance/klines?symbol=XRPUSDT&interval=1d&limit=2'
  }
}
CRITICAL: API Connection Failed for BTCUSDT TypeError: Failed to parse 
URL from /api/binance/klines?symbol=BTCUSDT&interval=1h&limit=21
    at node:internal/deps/undici/undici:16416:13
    at async MarketDataService.fetchHistory (file:///C:/Users/movies/Work
space/advanced-trading-platform/src/services/marketData.js:121:25)
    at async RelativeStrengthEngine.calculateMTFRelativeStrength (file://
/C:/Users/movies/Workspace/advanced-trading-platform/src/services/relativ
eStrengthEngine.js:41:38)
    at async RelativeStrengthEngine.calculateRelativeStrength (file:///C:
/Users/movies/Workspace/advanced-trading-platform/src/services/relativeSt
rengthEngine.js:102:24)
    at async AnalysisOrchestrator.analyze (file:///C:/Users/movies/Worksp
ace/advanced-trading-platform/src/services/analysisOrchestrator.js:494:40
)
    at async verifyNewsIntegration (file:///C:/Users/movies/Workspace/adv
anced-trading-platform/src/verify_news_logic.js:25:28) {
  [cause]: TypeError: Invalid URL
      at new URL (node:internal/url:828:25)
      at new Request (node:internal/deps/undici/undici:10971:25)
      at fetch (node:internal/deps/undici/undici:11891:25)
      at fetch (node:internal/deps/undici/undici:16414:10)
      at fetch 
(node:internal/bootstrap/web/exposed-window-or-worker:83:12)
      at MarketDataService.fetchHistory (file:///C:/Users/movies/Workspac
e/advanced-trading-platform/src/services/marketData.js:121:31)
      at RelativeStrengthEngine.calculateMTFRelativeStrength (file:///C:/
Users/movies/Workspace/advanced-trading-platform/src/services/relativeStr
engthEngine.js:41:55)
      at RelativeStrengthEngine.calculateRelativeStrength (file:///C:/Use
rs/movies/Workspace/advanced-trading-platform/src/services/relativeStreng
thEngine.js:102:35)
      at AnalysisOrchestrator.analyze (file:///C:/Users/movies/Workspace/
advanced-trading-platform/src/services/analysisOrchestrator.js:494:74)
      at async verifyNewsIntegration (file:///C:/Users/movies/Workspace/a
dvanced-trading-platform/src/verify_news_logic.js:25:28) {
    code: 'ERR_INVALID_URL',
    input: '/api/binance/klines?symbol=BTCUSDT&interval=1h&limit=21'
  }
}
MTF Relative Strength failed: Error: Market data unavailable for BTCUSDT 
[1h]. Code: Failed to parse URL from 
/api/binance/klines?symbol=BTCUSDT&interval=1h&limit=21
    at MarketDataService.fetchHistory (file:///C:/Users/movies/Workspace/
advanced-trading-platform/src/services/marketData.js:136:19)
    at async RelativeStrengthEngine.calculateMTFRelativeStrength (file://
/C:/Users/movies/Workspace/advanced-trading-platform/src/services/relativ
eStrengthEngine.js:41:38)
    at async RelativeStrengthEngine.calculateRelativeStrength (file:///C:
/Users/movies/Workspace/advanced-trading-platform/src/services/relativeSt
rengthEngine.js:102:24)
    at async AnalysisOrchestrator.analyze (file:///C:/Users/movies/Worksp
ace/advanced-trading-platform/src/services/analysisOrchestrator.js:494:40
)
    at async verifyNewsIntegration (file:///C:/Users/movies/Workspace/adv
anced-trading-platform/src/verify_news_logic.js:25:28)
News sentiment fetch failed: TypeError: Failed to parse URL from /api/new
s/everything?q=BTC%20cryptocurrency%20OR%20BTC%20forex&sortBy=publishedAt
&language=en&pageSize=20
    at node:internal/deps/undici/undici:16416:13
    at async getNewsSentiment (file:///C:/Users/movies/Workspace/advanced
-trading-platform/src/services/sentimentService.js:97:26)
    at async Promise.all (index 0)
    at async analyzeSentiment (file:///C:/Users/movies/Workspace/advanced
-trading-platform/src/services/sentimentService.js:30:61)
    at async Promise.all (index 0)
    at async AnalysisOrchestrator.analyze (file:///C:/Users/movies/Worksp
ace/advanced-trading-platform/src/services/analysisOrchestrator.js:502:88
)
    at async verifyNewsIntegration (file:///C:/Users/movies/Workspace/adv
anced-trading-platform/src/verify_news_logic.js:25:28) {
  [cause]: TypeError: Invalid URL
      at new URL (node:internal/url:828:25)
      at new Request (node:internal/deps/undici/undici:10971:25)
      at fetch (node:internal/deps/undici/undici:11891:25)
      at fetch (node:internal/deps/undici/undici:16414:10)
      at fetch 
(node:internal/bootstrap/web/exposed-window-or-worker:83:12)
      at getNewsSentiment (file:///C:/Users/movies/Workspace/advanced-tra
ding-platform/src/services/sentimentService.js:97:32)
      at analyzeSentiment (file:///C:/Users/movies/Workspace/advanced-tra
ding-platform/src/services/sentimentService.js:31:13)
      at AnalysisOrchestrator.analyze (file:///C:/Users/movies/Workspace/
advanced-trading-platform/src/services/analysisOrchestrator.js:503:21)
      at async verifyNewsIntegration (file:///C:/Users/movies/Workspace/a
dvanced-trading-platform/src/verify_news_logic.js:25:28) {
    code: 'ERR_INVALID_URL',
    input: '/api/news/everything?q=BTC%20cryptocurrency%20OR%20BTC%20fore
x&sortBy=publishedAt&language=en&pageSize=20'
  }
}
Social sentiment fetch failed: TypeError: Failed to parse URL from /api/c
oingecko/coins/bitcoin?localization=false&tickers=false&community_data=tr
ue&developer_data=false
    at node:internal/deps/undici/undici:16416:13
    at async getSocialSentiment (file:///C:/Users/movies/Workspace/advanc
ed-trading-platform/src/services/sentimentService.js:173:30)
    at async Promise.all (index 1)
    at async analyzeSentiment (file:///C:/Users/movies/Workspace/advanced
-trading-platform/src/services/sentimentService.js:30:61)
    at async Promise.all (index 0)
    at async AnalysisOrchestrator.analyze (file:///C:/Users/movies/Worksp
ace/advanced-trading-platform/src/services/analysisOrchestrator.js:502:88
)
    at async verifyNewsIntegration (file:///C:/Users/movies/Workspace/adv
anced-trading-platform/src/verify_news_logic.js:25:28) {
  [cause]: TypeError: Invalid URL
      at new URL (node:internal/url:828:25)
      at new Request (node:internal/deps/undici/undici:10971:25)
      at fetch (node:internal/deps/undici/undici:11891:25)
      at fetch (node:internal/deps/undici/undici:16414:10)
      at fetch 
(node:internal/bootstrap/web/exposed-window-or-worker:83:12)
      at getSocialSentiment (file:///C:/Users/movies/Workspace/advanced-t
rading-platform/src/services/sentimentService.js:173:36)
      at analyzeSentiment (file:///C:/Users/movies/Workspace/advanced-tra
ding-platform/src/services/sentimentService.js:32:13)
      at AnalysisOrchestrator.analyze (file:///C:/Users/movies/Workspace/
advanced-trading-platform/src/services/analysisOrchestrator.js:503:21)
      at async verifyNewsIntegration (file:///C:/Users/movies/Workspace/a
dvanced-trading-platform/src/verify_news_logic.js:25:28) {
    code: 'ERR_INVALID_URL',
    input: '/api/coingecko/coins/bitcoin?localization=false&tickers=false
&community_data=true&developer_data=false'
  }
}
[SENTIMENT] Fear & Greed index fetch failed: Failed to parse URL from 
/api/sentiment/fng
Failed to fetch Order Book: TypeError: Failed to parse URL from 
/api/binance/depth?symbol=BTCUSDT&limit=40
    at node:internal/deps/undici/undici:16416:13
    at async MarketDataService.fetchOrderBook (file:///C:/Users/movies/Wo
rkspace/advanced-trading-platform/src/services/marketData.js:174:25)
    at async Promise.all (index 4)
    at async AnalysisOrchestrator.analyze (file:///C:/Users/movies/Worksp
ace/advanced-trading-platform/src/services/analysisOrchestrator.js:502:88
)
    at async verifyNewsIntegration (file:///C:/Users/movies/Workspace/adv
anced-trading-platform/src/verify_news_logic.js:25:28) {
  [cause]: TypeError: Invalid URL
      at new URL (node:internal/url:828:25)
      at new Request (node:internal/deps/undici/undici:10971:25)
      at fetch (node:internal/deps/undici/undici:11891:25)
      at fetch (node:internal/deps/undici/undici:16414:10)
      at fetch 
(node:internal/bootstrap/web/exposed-window-or-worker:83:12)
      at MarketDataService.fetchOrderBook (file:///C:/Users/movies/Worksp
ace/advanced-trading-platform/src/services/marketData.js:174:31)
      at AnalysisOrchestrator.analyze (file:///C:/Users/movies/Workspace/
advanced-trading-platform/src/services/analysisOrchestrator.js:507:32)
      at async verifyNewsIntegration (file:///C:/Users/movies/Workspace/a
dvanced-trading-platform/src/verify_news_logic.js:25:28) {
    code: 'ERR_INVALID_URL',
    input: '/api/binance/depth?symbol=BTCUSDT&limit=40'
  }
}
[NEWS] Calendar fetch failed: TypeError: Failed to parse URL from 
/api/news/calendar?from=2026-02-09&to=2026-02-10
    at node:internal/deps/undici/undici:16416:13
    at async NewsService.fetchEconomicCalendar (file:///C:/Users/movies/W
orkspace/advanced-trading-platform/src/services/newsService.js:45:25)
    at async NewsService.getUpcomingShocks (file:///C:/Users/movies/Works
pace/advanced-trading-platform/src/services/newsService.js:90:24)
    at async NewsShockEngine.getActiveShock (file:///C:/Users/movies/Work
space/advanced-trading-platform/src/services/newsShockEngine.js:16:26)
    at async AnalysisOrchestrator.analyze (file:///C:/Users/movies/Worksp
ace/advanced-trading-platform/src/services/analysisOrchestrator.js:525:33
)
    at async verifyNewsIntegration (file:///C:/Users/movies/Workspace/adv
anced-trading-platform/src/verify_news_logic.js:25:28) {
  [cause]: TypeError: Invalid URL
      at new URL (node:internal/url:828:25)
      at new Request (node:internal/deps/undici/undici:10971:25)
      at fetch (node:internal/deps/undici/undici:11891:25)
      at fetch (node:internal/deps/undici/undici:16414:10)
      at fetch 
(node:internal/bootstrap/web/exposed-window-or-worker:83:12)
      at NewsService.fetchEconomicCalendar (file:///C:/Users/movies/Works
pace/advanced-trading-platform/src/services/newsService.js:45:31)
      at NewsService.getUpcomingShocks (file:///C:/Users/movies/Workspace
/advanced-trading-platform/src/services/newsService.js:90:35)
      at NewsShockEngine.getActiveShock (file:///C:/Users/movies/Workspac
e/advanced-trading-platform/src/services/newsShockEngine.js:16:44)
      at AnalysisOrchestrator.analyze (file:///C:/Users/movies/Workspace/
advanced-trading-platform/src/services/analysisOrchestrator.js:525:55)
      at async verifyNewsIntegration (file:///C:/Users/movies/Workspace/a
dvanced-trading-platform/src/verify_news_logic.js:25:28) {
    code: 'ERR_INVALID_URL',
    input: '/api/news/calendar?from=2026-02-09&to=2026-02-10'
  }
}
[PredictionTracker] Error getting stats: [FirebaseError: Expected first 
argument to collection() to be a CollectionReference, a 
DocumentReference or FirebaseFirestore] {
  code: 'invalid-argument',
  customData: undefined,
  toString: [Function (anonymous)]
}
[PredictionTracker] Error getting stats: [FirebaseError: Expected first 
argument to collection() to be a CollectionReference, a 
DocumentReference or FirebaseFirestore] {
  code: 'invalid-argument',
  customData: undefined,
  toString: [Function (anonymous)]
}
Failed to get strategy performance: [FirebaseError: Expected first 
argument to collection() to be a CollectionReference, a 
DocumentReference or FirebaseFirestore] {
  code: 'invalid-argument',
  customData: undefined,
  toString: [Function (anonymous)]
}
Failed to get strategy performance: [FirebaseError: Expected first 
argument to collection() to be a CollectionReference, a 
DocumentReference or FirebaseFirestore] {
  code: 'invalid-argument',
  customData: undefined,
  toString: [Function (anonymous)]
}
Failed to get strategy performance: [FirebaseError: Expected first 
argument to collection() to be a CollectionReference, a 
DocumentReference or FirebaseFirestore] {
  code: 'invalid-argument',
  customData: undefined,
  toString: [Function (anonymous)]
}
Failed to get strategy performance: [FirebaseError: Expected first 
argument to collection() to be a CollectionReference, a 
DocumentReference or FirebaseFirestore] {
  code: 'invalid-argument',
  customData: undefined,
  toString: [Function (anonymous)]
}
Failed to get strategy performance: [FirebaseError: Expected first 
argument to collection() to be a CollectionReference, a 
DocumentReference or FirebaseFirestore] {
  code: 'invalid-argument',
  customData: undefined,
  toString: [Function (anonymous)]
}
Failed to get strategy performance: [FirebaseError: Expected first 
argument to collection() to be a CollectionReference, a 
DocumentReference or FirebaseFirestore] {
  code: 'invalid-argument',
  customData: undefined,
  toString: [Function (anonymous)]
}
[PredictionTracker] Error getting stats: [FirebaseError: Expected first 
argument to collection() to be a CollectionReference, a 
DocumentReference or FirebaseFirestore] {
  code: 'invalid-argument',
  customData: undefined,
  toString: [Function (anonymous)]
}
[PredictionTracker] Error getting stats: [FirebaseError: Expected first 
argument to collection() to be a CollectionReference, a 
DocumentReference or FirebaseFirestore] {
  code: 'invalid-argument',
  customData: undefined,
  toString: [Function (anonymous)]
}
[PredictionTracker] Error getting stats: [FirebaseError: Expected first 
argument to collection() to be a CollectionReference, a 
DocumentReference or FirebaseFirestore] {
  code: 'invalid-argument',
  customData: undefined,
  toString: [Function (anonymous)]
}
[PredictionTracker] Error getting stats: [FirebaseError: Expected first 
argument to collection() to be a CollectionReference, a 
DocumentReference or FirebaseFirestore] {
  code: 'invalid-argument',
  customData: undefined,
  toString: [Function (anonymous)]
}
CRITICAL: API Connection Failed for BTC/USDT TypeError: Failed to parse 
URL from /api/binance/klines?symbol=BTCUSDT&interval=15m&limit=50
    at node:internal/deps/undici/undici:16416:13
    at async MarketDataService.fetchHistory (file:///C:/Users/movies/Work
space/advanced-trading-platform/src/services/marketData.js:121:25)
    at async Promise.all (index 0)
    at async MarketDataService.fetchMultiTimeframe (file:///C:/Users/movi
es/Workspace/advanced-trading-platform/src/services/marketData.js:149:29)
    at async DirectionalConfidenceGate.checkMultiTFTrend (file:///C:/User
s/movies/Workspace/advanced-trading-platform/src/analysis/DirectionalConf
idenceGate.js:73:29)
    at async DirectionalConfidenceGate.validateDirection (file:///C:/User
s/movies/Workspace/advanced-trading-platform/src/analysis/DirectionalConf
idenceGate.js:25:38)
    at async Promise.all (index 1)
    at async file:///C:/Users/movies/Workspace/advanced-trading-platform/
src/services/analysisOrchestrator.js:720:57
    at async Promise.all (index 0)
    at async AnalysisOrchestrator.analyze (file:///C:/Users/movies/Worksp
ace/advanced-trading-platform/src/services/analysisOrchestrator.js:676:38
) {
  [cause]: TypeError: Invalid URL
      at new URL (node:internal/url:828:25)
      at new Request (node:internal/deps/undici/undici:10971:25)
      at fetch (node:internal/deps/undici/undici:11891:25)
      at fetch (node:internal/deps/undici/undici:16414:10)
      at fetch 
(node:internal/bootstrap/web/exposed-window-or-worker:83:12)
      at MarketDataService.fetchHistory (file:///C:/Users/movies/Workspac
e/advanced-trading-platform/src/services/marketData.js:121:31)
      at file:///C:/Users/movies/Workspace/advanced-trading-platform/src/
services/marketData.js:150:43
      at Array.map (<anonymous>)
      at MarketDataService.fetchMultiTimeframe (file:///C:/Users/movies/W
orkspace/advanced-trading-platform/src/services/marketData.js:150:28)
      at DirectionalConfidenceGate.checkMultiTFTrend (file:///C:/Users/mo
vies/Workspace/advanced-trading-platform/src/analysis/DirectionalConfiden
ceGate.js:73:46) {
    code: 'ERR_INVALID_URL',
    input: '/api/binance/klines?symbol=BTCUSDT&interval=15m&limit=50'
  }
}
CRITICAL: API Connection Failed for BTC/USDT TypeError: Failed to parse 
URL from /api/binance/klines?symbol=BTCUSDT&interval=1h&limit=50
    at node:internal/deps/undici/undici:16416:13
    at async MarketDataService.fetchHistory (file:///C:/Users/movies/Work
space/advanced-trading-platform/src/services/marketData.js:121:25)
    at async Promise.all (index 1)
    at async MarketDataService.fetchMultiTimeframe (file:///C:/Users/movi
es/Workspace/advanced-trading-platform/src/services/marketData.js:149:29)
    at async DirectionalConfidenceGate.checkMultiTFTrend (file:///C:/User
s/movies/Workspace/advanced-trading-platform/src/analysis/DirectionalConf
idenceGate.js:73:29)
    at async DirectionalConfidenceGate.validateDirection (file:///C:/User
s/movies/Workspace/advanced-trading-platform/src/analysis/DirectionalConf
idenceGate.js:25:38)
    at async Promise.all (index 1)
    at async file:///C:/Users/movies/Workspace/advanced-trading-platform/
src/services/analysisOrchestrator.js:720:57
    at async Promise.all (index 0)
    at async AnalysisOrchestrator.analyze (file:///C:/Users/movies/Worksp
ace/advanced-trading-platform/src/services/analysisOrchestrator.js:676:38
) {
  [cause]: TypeError: Invalid URL
      at new URL (node:internal/url:828:25)
      at new Request (node:internal/deps/undici/undici:10971:25)
      at fetch (node:internal/deps/undici/undici:11891:25)
      at fetch (node:internal/deps/undici/undici:16414:10)
      at fetch 
(node:internal/bootstrap/web/exposed-window-or-worker:83:12)
      at MarketDataService.fetchHistory (file:///C:/Users/movies/Workspac
e/advanced-trading-platform/src/services/marketData.js:121:31)
      at file:///C:/Users/movies/Workspace/advanced-trading-platform/src/
services/marketData.js:150:43
      at Array.map (<anonymous>)
      at MarketDataService.fetchMultiTimeframe (file:///C:/Users/movies/W
orkspace/advanced-trading-platform/src/services/marketData.js:150:28)
      at DirectionalConfidenceGate.checkMultiTFTrend (file:///C:/Users/mo
vies/Workspace/advanced-trading-platform/src/analysis/DirectionalConfiden
ceGate.js:73:46) {
    code: 'ERR_INVALID_URL',
    input: '/api/binance/klines?symbol=BTCUSDT&interval=1h&limit=50'
  }
}
CRITICAL: API Connection Failed for BTC/USDT TypeError: Failed to parse 
URL from /api/binance/klines?symbol=BTCUSDT&interval=4h&limit=50
    at node:internal/deps/undici/undici:16416:13
    at async MarketDataService.fetchHistory (file:///C:/Users/movies/Work
space/advanced-trading-platform/src/services/marketData.js:121:25)
    at async Promise.all (index 2)
    at async MarketDataService.fetchMultiTimeframe (file:///C:/Users/movi
es/Workspace/advanced-trading-platform/src/services/marketData.js:149:29)
    at async DirectionalConfidenceGate.checkMultiTFTrend (file:///C:/User
s/movies/Workspace/advanced-trading-platform/src/analysis/DirectionalConf
idenceGate.js:73:29)
    at async DirectionalConfidenceGate.validateDirection (file:///C:/User
s/movies/Workspace/advanced-trading-platform/src/analysis/DirectionalConf
idenceGate.js:25:38)
    at async Promise.all (index 1)
    at async file:///C:/Users/movies/Workspace/advanced-trading-platform/
src/services/analysisOrchestrator.js:720:57
    at async Promise.all (index 0)
    at async AnalysisOrchestrator.analyze (file:///C:/Users/movies/Worksp
ace/advanced-trading-platform/src/services/analysisOrchestrator.js:676:38
) {
  [cause]: TypeError: Invalid URL
      at new URL (node:internal/url:828:25)
      at new Request (node:internal/deps/undici/undici:10971:25)
      at fetch (node:internal/deps/undici/undici:11891:25)
      at fetch (node:internal/deps/undici/undici:16414:10)
      at fetch 
(node:internal/bootstrap/web/exposed-window-or-worker:83:12)
      at MarketDataService.fetchHistory (file:///C:/Users/movies/Workspac
e/advanced-trading-platform/src/services/marketData.js:121:31)
      at file:///C:/Users/movies/Workspace/advanced-trading-platform/src/
services/marketData.js:150:43
      at Array.map (<anonymous>)
      at MarketDataService.fetchMultiTimeframe (file:///C:/Users/movies/W
orkspace/advanced-trading-platform/src/services/marketData.js:150:28)
      at DirectionalConfidenceGate.checkMultiTFTrend (file:///C:/Users/mo
vies/Workspace/advanced-trading-platform/src/analysis/DirectionalConfiden
ceGate.js:73:46) {
    code: 'ERR_INVALID_URL',
    input: '/api/binance/klines?symbol=BTCUSDT&interval=4h&limit=50'
  }
}
CRITICAL: API Connection Failed for BTC/USDT TypeError: Failed to parse 
URL from /api/binance/klines?symbol=BTCUSDT&interval=1d&limit=50
    at node:internal/deps/undici/undici:16416:13
    at async MarketDataService.fetchHistory (file:///C:/Users/movies/Work
space/advanced-trading-platform/src/services/marketData.js:121:25)
    at async Promise.all (index 3)
    at async MarketDataService.fetchMultiTimeframe (file:///C:/Users/movi
es/Workspace/advanced-trading-platform/src/services/marketData.js:149:29)
    at async DirectionalConfidenceGate.checkMultiTFTrend (file:///C:/User
s/movies/Workspace/advanced-trading-platform/src/analysis/DirectionalConf
idenceGate.js:73:29)
    at async DirectionalConfidenceGate.validateDirection (file:///C:/User
s/movies/Workspace/advanced-trading-platform/src/analysis/DirectionalConf
idenceGate.js:25:38)
    at async Promise.all (index 1)
    at async file:///C:/Users/movies/Workspace/advanced-trading-platform/
src/services/analysisOrchestrator.js:720:57
    at async Promise.all (index 0)
    at async AnalysisOrchestrator.analyze (file:///C:/Users/movies/Worksp
ace/advanced-trading-platform/src/services/analysisOrchestrator.js:676:38
) {
  [cause]: TypeError: Invalid URL
      at new URL (node:internal/url:828:25)
      at new Request (node:internal/deps/undici/undici:10971:25)
      at fetch (node:internal/deps/undici/undici:11891:25)
      at fetch (node:internal/deps/undici/undici:16414:10)
      at fetch 
(node:internal/bootstrap/web/exposed-window-or-worker:83:12)
      at MarketDataService.fetchHistory (file:///C:/Users/movies/Workspac
e/advanced-trading-platform/src/services/marketData.js:121:31)
      at file:///C:/Users/movies/Workspace/advanced-trading-platform/src/
services/marketData.js:150:43
      at Array.map (<anonymous>)
      at MarketDataService.fetchMultiTimeframe (file:///C:/Users/movies/W
orkspace/advanced-trading-platform/src/services/marketData.js:150:28)
      at DirectionalConfidenceGate.checkMultiTFTrend (file:///C:/Users/mo
vies/Workspace/advanced-trading-platform/src/analysis/DirectionalConfiden
ceGate.js:73:46) {
    code: 'ERR_INVALID_URL',
    input: '/api/binance/klines?symbol=BTCUSDT&interval=1d&limit=50'
  }
}
CRITICAL: API Connection Failed for BTC/USDT TypeError: Failed to parse 
URL from /api/binance/klines?symbol=BTCUSDT&interval=15m&limit=50
    at node:internal/deps/undici/undici:16416:13
    at async MarketDataService.fetchHistory (file:///C:/Users/movies/Work
space/advanced-trading-platform/src/services/marketData.js:121:25)
    at async Promise.all (index 0)
    at async MarketDataService.fetchMultiTimeframe (file:///C:/Users/movi
es/Workspace/advanced-trading-platform/src/services/marketData.js:149:29)
    at async DirectionalConfidenceGate.checkMultiTFTrend (file:///C:/User
s/movies/Workspace/advanced-trading-platform/src/analysis/DirectionalConf
idenceGate.js:73:29)
    at async DirectionalConfidenceGate.validateDirection (file:///C:/User
s/movies/Workspace/advanced-trading-platform/src/analysis/DirectionalConf
idenceGate.js:25:38)
    at async Promise.all (index 1)
    at async file:///C:/Users/movies/Workspace/advanced-trading-platform/
src/services/analysisOrchestrator.js:720:57
    at async Promise.all (index 1)
    at async AnalysisOrchestrator.analyze (file:///C:/Users/movies/Worksp
ace/advanced-trading-platform/src/services/analysisOrchestrator.js:676:38
) {
  [cause]: TypeError: Invalid URL
      at new URL (node:internal/url:828:25)
      at new Request (node:internal/deps/undici/undici:10971:25)
      at fetch (node:internal/deps/undici/undici:11891:25)
      at fetch (node:internal/deps/undici/undici:16414:10)
      at fetch 
(node:internal/bootstrap/web/exposed-window-or-worker:83:12)
      at MarketDataService.fetchHistory (file:///C:/Users/movies/Workspac
e/advanced-trading-platform/src/services/marketData.js:121:31)
      at file:///C:/Users/movies/Workspace/advanced-trading-platform/src/
services/marketData.js:150:43
      at Array.map (<anonymous>)
      at MarketDataService.fetchMultiTimeframe (file:///C:/Users/movies/W
orkspace/advanced-trading-platform/src/services/marketData.js:150:28)
      at DirectionalConfidenceGate.checkMultiTFTrend (file:///C:/Users/mo
vies/Workspace/advanced-trading-platform/src/analysis/DirectionalConfiden
ceGate.js:73:46) {
    code: 'ERR_INVALID_URL',
    input: '/api/binance/klines?symbol=BTCUSDT&interval=15m&limit=50'
  }
}
CRITICAL: API Connection Failed for BTC/USDT TypeError: Failed to parse 
URL from /api/binance/klines?symbol=BTCUSDT&interval=1h&limit=50
    at node:internal/deps/undici/undici:16416:13
    at async MarketDataService.fetchHistory (file:///C:/Users/movies/Work
space/advanced-trading-platform/src/services/marketData.js:121:25)
    at async Promise.all (index 1)
    at async MarketDataService.fetchMultiTimeframe (file:///C:/Users/movi
es/Workspace/advanced-trading-platform/src/services/marketData.js:149:29)
    at async DirectionalConfidenceGate.checkMultiTFTrend (file:///C:/User
s/movies/Workspace/advanced-trading-platform/src/analysis/DirectionalConf
idenceGate.js:73:29)
    at async DirectionalConfidenceGate.validateDirection (file:///C:/User
s/movies/Workspace/advanced-trading-platform/src/analysis/DirectionalConf
idenceGate.js:25:38)
    at async Promise.all (index 1)
    at async file:///C:/Users/movies/Workspace/advanced-trading-platform/
src/services/analysisOrchestrator.js:720:57
    at async Promise.all (index 1)
    at async AnalysisOrchestrator.analyze (file:///C:/Users/movies/Worksp
ace/advanced-trading-platform/src/services/analysisOrchestrator.js:676:38
) {
  [cause]: TypeError: Invalid URL
      at new URL (node:internal/url:828:25)
      at new Request (node:internal/deps/undici/undici:10971:25)
      at fetch (node:internal/deps/undici/undici:11891:25)
      at fetch (node:internal/deps/undici/undici:16414:10)
      at fetch 
(node:internal/bootstrap/web/exposed-window-or-worker:83:12)
      at MarketDataService.fetchHistory (file:///C:/Users/movies/Workspac
e/advanced-trading-platform/src/services/marketData.js:121:31)
      at file:///C:/Users/movies/Workspace/advanced-trading-platform/src/
services/marketData.js:150:43
      at Array.map (<anonymous>)
      at MarketDataService.fetchMultiTimeframe (file:///C:/Users/movies/W
orkspace/advanced-trading-platform/src/services/marketData.js:150:28)
      at DirectionalConfidenceGate.checkMultiTFTrend (file:///C:/Users/mo
vies/Workspace/advanced-trading-platform/src/analysis/DirectionalConfiden
ceGate.js:73:46) {
    code: 'ERR_INVALID_URL',
    input: '/api/binance/klines?symbol=BTCUSDT&interval=1h&limit=50'
  }
}
CRITICAL: API Connection Failed for BTC/USDT TypeError: Failed to parse 
URL from /api/binance/klines?symbol=BTCUSDT&interval=4h&limit=50
    at node:internal/deps/undici/undici:16416:13
    at async MarketDataService.fetchHistory (file:///C:/Users/movies/Work
space/advanced-trading-platform/src/services/marketData.js:121:25)
    at async Promise.all (index 2)
    at async MarketDataService.fetchMultiTimeframe (file:///C:/Users/movi
es/Workspace/advanced-trading-platform/src/services/marketData.js:149:29)
    at async DirectionalConfidenceGate.checkMultiTFTrend (file:///C:/User
s/movies/Workspace/advanced-trading-platform/src/analysis/DirectionalConf
idenceGate.js:73:29)
    at async DirectionalConfidenceGate.validateDirection (file:///C:/User
s/movies/Workspace/advanced-trading-platform/src/analysis/DirectionalConf
idenceGate.js:25:38)
    at async Promise.all (index 1)
    at async file:///C:/Users/movies/Workspace/advanced-trading-platform/
src/services/analysisOrchestrator.js:720:57
    at async Promise.all (index 1)
    at async AnalysisOrchestrator.analyze (file:///C:/Users/movies/Worksp
ace/advanced-trading-platform/src/services/analysisOrchestrator.js:676:38
) {
  [cause]: TypeError: Invalid URL
      at new URL (node:internal/url:828:25)
      at new Request (node:internal/deps/undici/undici:10971:25)
      at fetch (node:internal/deps/undici/undici:11891:25)
      at fetch (node:internal/deps/undici/undici:16414:10)
      at fetch 
(node:internal/bootstrap/web/exposed-window-or-worker:83:12)
      at MarketDataService.fetchHistory (file:///C:/Users/movies/Workspac
e/advanced-trading-platform/src/services/marketData.js:121:31)
      at file:///C:/Users/movies/Workspace/advanced-trading-platform/src/
services/marketData.js:150:43
      at Array.map (<anonymous>)
      at MarketDataService.fetchMultiTimeframe (file:///C:/Users/movies/W
orkspace/advanced-trading-platform/src/services/marketData.js:150:28)
      at DirectionalConfidenceGate.checkMultiTFTrend (file:///C:/Users/mo
vies/Workspace/advanced-trading-platform/src/analysis/DirectionalConfiden
ceGate.js:73:46) {
    code: 'ERR_INVALID_URL',
    input: '/api/binance/klines?symbol=BTCUSDT&interval=4h&limit=50'
  }
}
CRITICAL: API Connection Failed for BTC/USDT TypeError: Failed to parse 
URL from /api/binance/klines?symbol=BTCUSDT&interval=1d&limit=50
    at node:internal/deps/undici/undici:16416:13
    at async MarketDataService.fetchHistory (file:///C:/Users/movies/Work
space/advanced-trading-platform/src/services/marketData.js:121:25)
    at async Promise.all (index 3)
    at async MarketDataService.fetchMultiTimeframe (file:///C:/Users/movi
es/Workspace/advanced-trading-platform/src/services/marketData.js:149:29)
    at async DirectionalConfidenceGate.checkMultiTFTrend (file:///C:/User
s/movies/Workspace/advanced-trading-platform/src/analysis/DirectionalConf
idenceGate.js:73:29)
    at async DirectionalConfidenceGate.validateDirection (file:///C:/User
s/movies/Workspace/advanced-trading-platform/src/analysis/DirectionalConf
idenceGate.js:25:38)
    at async Promise.all (index 1)
    at async file:///C:/Users/movies/Workspace/advanced-trading-platform/
src/services/analysisOrchestrator.js:720:57
    at async Promise.all (index 1)
    at async AnalysisOrchestrator.analyze (file:///C:/Users/movies/Worksp
ace/advanced-trading-platform/src/services/analysisOrchestrator.js:676:38
) {
  [cause]: TypeError: Invalid URL
      at new URL (node:internal/url:828:25)
      at new Request (node:internal/deps/undici/undici:10971:25)
      at fetch (node:internal/deps/undici/undici:11891:25)
      at fetch (node:internal/deps/undici/undici:16414:10)
      at fetch 
(node:internal/bootstrap/web/exposed-window-or-worker:83:12)
      at MarketDataService.fetchHistory (file:///C:/Users/movies/Workspac
e/advanced-trading-platform/src/services/marketData.js:121:31)
      at file:///C:/Users/movies/Workspace/advanced-trading-platform/src/
services/marketData.js:150:43
      at Array.map (<anonymous>)
      at MarketDataService.fetchMultiTimeframe (file:///C:/Users/movies/W
orkspace/advanced-trading-platform/src/services/marketData.js:150:28)
      at DirectionalConfidenceGate.checkMultiTFTrend (file:///C:/Users/mo
vies/Workspace/advanced-trading-platform/src/analysis/DirectionalConfiden
ceGate.js:73:46) {
    code: 'ERR_INVALID_URL',
    input: '/api/binance/klines?symbol=BTCUSDT&interval=1d&limit=50'
  }
}
CRITICAL: API Connection Failed for BTC/USDT TypeError: Failed to parse 
URL from /api/binance/klines?symbol=BTCUSDT&interval=15m&limit=50
    at node:internal/deps/undici/undici:16416:13
    at async MarketDataService.fetchHistory (file:///C:/Users/movies/Work
space/advanced-trading-platform/src/services/marketData.js:121:25)
    at async Promise.all (index 0)
    at async MarketDataService.fetchMultiTimeframe (file:///C:/Users/movi
es/Workspace/advanced-trading-platform/src/services/marketData.js:149:29)
    at async DirectionalConfidenceGate.checkMultiTFTrend (file:///C:/User
s/movies/Workspace/advanced-trading-platform/src/analysis/DirectionalConf
idenceGate.js:73:29)
    at async DirectionalConfidenceGate.validateDirection (file:///C:/User
s/movies/Workspace/advanced-trading-platform/src/analysis/DirectionalConf
idenceGate.js:25:38)
    at async Promise.all (index 1)
    at async file:///C:/Users/movies/Workspace/advanced-trading-platform/
src/services/analysisOrchestrator.js:720:57
    at async Promise.all (index 2)
    at async AnalysisOrchestrator.analyze (file:///C:/Users/movies/Worksp
ace/advanced-trading-platform/src/services/analysisOrchestrator.js:676:38
) {
  [cause]: TypeError: Invalid URL
      at new URL (node:internal/url:828:25)
      at new Request (node:internal/deps/undici/undici:10971:25)
      at fetch (node:internal/deps/undici/undici:11891:25)
      at fetch (node:internal/deps/undici/undici:16414:10)
      at fetch 
(node:internal/bootstrap/web/exposed-window-or-worker:83:12)
      at MarketDataService.fetchHistory (file:///C:/Users/movies/Workspac
e/advanced-trading-platform/src/services/marketData.js:121:31)
      at file:///C:/Users/movies/Workspace/advanced-trading-platform/src/
services/marketData.js:150:43
      at Array.map (<anonymous>)
      at MarketDataService.fetchMultiTimeframe (file:///C:/Users/movies/W
orkspace/advanced-trading-platform/src/services/marketData.js:150:28)
      at DirectionalConfidenceGate.checkMultiTFTrend (file:///C:/Users/mo
vies/Workspace/advanced-trading-platform/src/analysis/DirectionalConfiden
ceGate.js:73:46) {
    code: 'ERR_INVALID_URL',
    input: '/api/binance/klines?symbol=BTCUSDT&interval=15m&limit=50'
  }
}
CRITICAL: API Connection Failed for BTC/USDT TypeError: Failed to parse 
URL from /api/binance/klines?symbol=BTCUSDT&interval=1h&limit=50
    at node:internal/deps/undici/undici:16416:13
    at async MarketDataService.fetchHistory (file:///C:/Users/movies/Work
space/advanced-trading-platform/src/services/marketData.js:121:25)
    at async Promise.all (index 1)
    at async MarketDataService.fetchMultiTimeframe (file:///C:/Users/movi
es/Workspace/advanced-trading-platform/src/services/marketData.js:149:29)
    at async DirectionalConfidenceGate.checkMultiTFTrend (file:///C:/User
s/movies/Workspace/advanced-trading-platform/src/analysis/DirectionalConf
idenceGate.js:73:29)
    at async DirectionalConfidenceGate.validateDirection (file:///C:/User
s/movies/Workspace/advanced-trading-platform/src/analysis/DirectionalConf
idenceGate.js:25:38)
    at async Promise.all (index 1)
    at async file:///C:/Users/movies/Workspace/advanced-trading-platform/
src/services/analysisOrchestrator.js:720:57
    at async Promise.all (index 2)
    at async AnalysisOrchestrator.analyze (file:///C:/Users/movies/Worksp
ace/advanced-trading-platform/src/services/analysisOrchestrator.js:676:38
) {
  [cause]: TypeError: Invalid URL
      at new URL (node:internal/url:828:25)
      at new Request (node:internal/deps/undici/undici:10971:25)
      at fetch (node:internal/deps/undici/undici:11891:25)
      at fetch (node:internal/deps/undici/undici:16414:10)
      at fetch 
(node:internal/bootstrap/web/exposed-window-or-worker:83:12)
      at MarketDataService.fetchHistory (file:///C:/Users/movies/Workspac
e/advanced-trading-platform/src/services/marketData.js:121:31)
      at file:///C:/Users/movies/Workspace/advanced-trading-platform/src/
services/marketData.js:150:43
      at Array.map (<anonymous>)
      at MarketDataService.fetchMultiTimeframe (file:///C:/Users/movies/W
orkspace/advanced-trading-platform/src/services/marketData.js:150:28)
      at DirectionalConfidenceGate.checkMultiTFTrend (file:///C:/Users/mo
vies/Workspace/advanced-trading-platform/src/analysis/DirectionalConfiden
ceGate.js:73:46) {
    code: 'ERR_INVALID_URL',
    input: '/api/binance/klines?symbol=BTCUSDT&interval=1h&limit=50'
  }
}
CRITICAL: API Connection Failed for BTC/USDT TypeError: Failed to parse 
URL from /api/binance/klines?symbol=BTCUSDT&interval=4h&limit=50
    at node:internal/deps/undici/undici:16416:13
    at async MarketDataService.fetchHistory (file:///C:/Users/movies/Work
space/advanced-trading-platform/src/services/marketData.js:121:25)
    at async Promise.all (index 2)
    at async MarketDataService.fetchMultiTimeframe (file:///C:/Users/movi
es/Workspace/advanced-trading-platform/src/services/marketData.js:149:29)
    at async DirectionalConfidenceGate.checkMultiTFTrend (file:///C:/User
s/movies/Workspace/advanced-trading-platform/src/analysis/DirectionalConf
idenceGate.js:73:29)
    at async DirectionalConfidenceGate.validateDirection (file:///C:/User
s/movies/Workspace/advanced-trading-platform/src/analysis/DirectionalConf
idenceGate.js:25:38)
    at async Promise.all (index 1)
    at async file:///C:/Users/movies/Workspace/advanced-trading-platform/
src/services/analysisOrchestrator.js:720:57
    at async Promise.all (index 2)
    at async AnalysisOrchestrator.analyze (file:///C:/Users/movies/Worksp
ace/advanced-trading-platform/src/services/analysisOrchestrator.js:676:38
) {
  [cause]: TypeError: Invalid URL
      at new URL (node:internal/url:828:25)
      at new Request (node:internal/deps/undici/undici:10971:25)
      at fetch (node:internal/deps/undici/undici:11891:25)
      at fetch (node:internal/deps/undici/undici:16414:10)
      at fetch 
(node:internal/bootstrap/web/exposed-window-or-worker:83:12)
      at MarketDataService.fetchHistory (file:///C:/Users/movies/Workspac
e/advanced-trading-platform/src/services/marketData.js:121:31)
      at file:///C:/Users/movies/Workspace/advanced-trading-platform/src/
services/marketData.js:150:43
      at Array.map (<anonymous>)
      at MarketDataService.fetchMultiTimeframe (file:///C:/Users/movies/W
orkspace/advanced-trading-platform/src/services/marketData.js:150:28)
      at DirectionalConfidenceGate.checkMultiTFTrend (file:///C:/Users/mo
vies/Workspace/advanced-trading-platform/src/analysis/DirectionalConfiden
ceGate.js:73:46) {
    code: 'ERR_INVALID_URL',
    input: '/api/binance/klines?symbol=BTCUSDT&interval=4h&limit=50'
  }
}
CRITICAL: API Connection Failed for BTC/USDT TypeError: Failed to parse 
URL from /api/binance/klines?symbol=BTCUSDT&interval=1d&limit=50
    at node:internal/deps/undici/undici:16416:13
    at async MarketDataService.fetchHistory (file:///C:/Users/movies/Work
space/advanced-trading-platform/src/services/marketData.js:121:25)
    at async Promise.all (index 3)
    at async MarketDataService.fetchMultiTimeframe (file:///C:/Users/movi
es/Workspace/advanced-trading-platform/src/services/marketData.js:149:29)
    at async DirectionalConfidenceGate.checkMultiTFTrend (file:///C:/User
s/movies/Workspace/advanced-trading-platform/src/analysis/DirectionalConf
idenceGate.js:73:29)
    at async DirectionalConfidenceGate.validateDirection (file:///C:/User
s/movies/Workspace/advanced-trading-platform/src/analysis/DirectionalConf
idenceGate.js:25:38)
    at async Promise.all (index 1)
    at async file:///C:/Users/movies/Workspace/advanced-trading-platform/
src/services/analysisOrchestrator.js:720:57
    at async Promise.all (index 2)
    at async AnalysisOrchestrator.analyze (file:///C:/Users/movies/Worksp
ace/advanced-trading-platform/src/services/analysisOrchestrator.js:676:38
) {
  [cause]: TypeError: Invalid URL
      at new URL (node:internal/url:828:25)
      at new Request (node:internal/deps/undici/undici:10971:25)
      at fetch (node:internal/deps/undici/undici:11891:25)
      at fetch (node:internal/deps/undici/undici:16414:10)
      at fetch 
(node:internal/bootstrap/web/exposed-window-or-worker:83:12)
      at MarketDataService.fetchHistory (file:///C:/Users/movies/Workspac
e/advanced-trading-platform/src/services/marketData.js:121:31)
      at file:///C:/Users/movies/Workspace/advanced-trading-platform/src/
services/marketData.js:150:43
      at Array.map (<anonymous>)
      at MarketDataService.fetchMultiTimeframe (file:///C:/Users/movies/W
orkspace/advanced-trading-platform/src/services/marketData.js:150:28)
      at DirectionalConfidenceGate.checkMultiTFTrend (file:///C:/Users/mo
vies/Workspace/advanced-trading-platform/src/analysis/DirectionalConfiden
ceGate.js:73:46) {
    code: 'ERR_INVALID_URL',
    input: '/api/binance/klines?symbol=BTCUSDT&interval=1d&limit=50'
  }
}
CRITICAL: API Connection Failed for BTC/USDT TypeError: Failed to parse 
URL from /api/binance/klines?symbol=BTCUSDT&interval=15m&limit=50
    at node:internal/deps/undici/undici:16416:13
    at async MarketDataService.fetchHistory (file:///C:/Users/movies/Work
space/advanced-trading-platform/src/services/marketData.js:121:25)
    at async Promise.all (index 0)
    at async MarketDataService.fetchMultiTimeframe (file:///C:/Users/movi
es/Workspace/advanced-trading-platform/src/services/marketData.js:149:29)
    at async DirectionalConfidenceGate.checkMultiTFTrend (file:///C:/User
s/movies/Workspace/advanced-trading-platform/src/analysis/DirectionalConf
idenceGate.js:73:29)
    at async DirectionalConfidenceGate.validateDirection (file:///C:/User
s/movies/Workspace/advanced-trading-platform/src/analysis/DirectionalConf
idenceGate.js:25:38)
    at async Promise.all (index 1)
    at async file:///C:/Users/movies/Workspace/advanced-trading-platform/
src/services/analysisOrchestrator.js:720:57
    at async Promise.all (index 3)
    at async AnalysisOrchestrator.analyze (file:///C:/Users/movies/Worksp
ace/advanced-trading-platform/src/services/analysisOrchestrator.js:676:38
) {
  [cause]: TypeError: Invalid URL
      at new URL (node:internal/url:828:25)
      at new Request (node:internal/deps/undici/undici:10971:25)
      at fetch (node:internal/deps/undici/undici:11891:25)
      at fetch (node:internal/deps/undici/undici:16414:10)
      at fetch 
(node:internal/bootstrap/web/exposed-window-or-worker:83:12)
      at MarketDataService.fetchHistory (file:///C:/Users/movies/Workspac
e/advanced-trading-platform/src/services/marketData.js:121:31)
      at file:///C:/Users/movies/Workspace/advanced-trading-platform/src/
services/marketData.js:150:43
      at Array.map (<anonymous>)
      at MarketDataService.fetchMultiTimeframe (file:///C:/Users/movies/W
orkspace/advanced-trading-platform/src/services/marketData.js:150:28)
      at DirectionalConfidenceGate.checkMultiTFTrend (file:///C:/Users/mo
vies/Workspace/advanced-trading-platform/src/analysis/DirectionalConfiden
ceGate.js:73:46) {
    code: 'ERR_INVALID_URL',
    input: '/api/binance/klines?symbol=BTCUSDT&interval=15m&limit=50'
  }
}
CRITICAL: API Connection Failed for BTC/USDT TypeError: Failed to parse 
URL from /api/binance/klines?symbol=BTCUSDT&interval=1h&limit=50
    at node:internal/deps/undici/undici:16416:13
    at async MarketDataService.fetchHistory (file:///C:/Users/movies/Work
space/advanced-trading-platform/src/services/marketData.js:121:25)
    at async Promise.all (index 1)
    at async MarketDataService.fetchMultiTimeframe (file:///C:/Users/movi
es/Workspace/advanced-trading-platform/src/services/marketData.js:149:29)
    at async DirectionalConfidenceGate.checkMultiTFTrend (file:///C:/User
s/movies/Workspace/advanced-trading-platform/src/analysis/DirectionalConf
idenceGate.js:73:29)
    at async DirectionalConfidenceGate.validateDirection (file:///C:/User
s/movies/Workspace/advanced-trading-platform/src/analysis/DirectionalConf
idenceGate.js:25:38)
    at async Promise.all (index 1)
    at async file:///C:/Users/movies/Workspace/advanced-trading-platform/
src/services/analysisOrchestrator.js:720:57
    at async Promise.all (index 3)
    at async AnalysisOrchestrator.analyze (file:///C:/Users/movies/Worksp
ace/advanced-trading-platform/src/services/analysisOrchestrator.js:676:38
) {
  [cause]: TypeError: Invalid URL
      at new URL (node:internal/url:828:25)
      at new Request (node:internal/deps/undici/undici:10971:25)
      at fetch (node:internal/deps/undici/undici:11891:25)
      at fetch (node:internal/deps/undici/undici:16414:10)
      at fetch 
(node:internal/bootstrap/web/exposed-window-or-worker:83:12)
      at MarketDataService.fetchHistory (file:///C:/Users/movies/Workspac
e/advanced-trading-platform/src/services/marketData.js:121:31)
      at file:///C:/Users/movies/Workspace/advanced-trading-platform/src/
services/marketData.js:150:43
      at Array.map (<anonymous>)
      at MarketDataService.fetchMultiTimeframe (file:///C:/Users/movies/W
orkspace/advanced-trading-platform/src/services/marketData.js:150:28)
      at DirectionalConfidenceGate.checkMultiTFTrend (file:///C:/Users/mo
vies/Workspace/advanced-trading-platform/src/analysis/DirectionalConfiden
ceGate.js:73:46) {
    code: 'ERR_INVALID_URL',
    input: '/api/binance/klines?symbol=BTCUSDT&interval=1h&limit=50'
  }
}
CRITICAL: API Connection Failed for BTC/USDT TypeError: Failed to parse 
URL from /api/binance/klines?symbol=BTCUSDT&interval=4h&limit=50
    at node:internal/deps/undici/undici:16416:13
    at async MarketDataService.fetchHistory (file:///C:/Users/movies/Work
space/advanced-trading-platform/src/services/marketData.js:121:25)
    at async Promise.all (index 2)
    at async MarketDataService.fetchMultiTimeframe (file:///C:/Users/movi
es/Workspace/advanced-trading-platform/src/services/marketData.js:149:29)
    at async DirectionalConfidenceGate.checkMultiTFTrend (file:///C:/User
s/movies/Workspace/advanced-trading-platform/src/analysis/DirectionalConf
idenceGate.js:73:29)
    at async DirectionalConfidenceGate.validateDirection (file:///C:/User
s/movies/Workspace/advanced-trading-platform/src/analysis/DirectionalConf
idenceGate.js:25:38)
    at async Promise.all (index 1)
    at async file:///C:/Users/movies/Workspace/advanced-trading-platform/
src/services/analysisOrchestrator.js:720:57
    at async Promise.all (index 3)
    at async AnalysisOrchestrator.analyze (file:///C:/Users/movies/Worksp
ace/advanced-trading-platform/src/services/analysisOrchestrator.js:676:38
) {
  [cause]: TypeError: Invalid URL
      at new URL (node:internal/url:828:25)
      at new Request (node:internal/deps/undici/undici:10971:25)
      at fetch (node:internal/deps/undici/undici:11891:25)
      at fetch (node:internal/deps/undici/undici:16414:10)
      at fetch 
(node:internal/bootstrap/web/exposed-window-or-worker:83:12)
      at MarketDataService.fetchHistory (file:///C:/Users/movies/Workspac
e/advanced-trading-platform/src/services/marketData.js:121:31)
      at file:///C:/Users/movies/Workspace/advanced-trading-platform/src/
services/marketData.js:150:43
      at Array.map (<anonymous>)
      at MarketDataService.fetchMultiTimeframe (file:///C:/Users/movies/W
orkspace/advanced-trading-platform/src/services/marketData.js:150:28)
      at DirectionalConfidenceGate.checkMultiTFTrend (file:///C:/Users/mo
vies/Workspace/advanced-trading-platform/src/analysis/DirectionalConfiden
ceGate.js:73:46) {
    code: 'ERR_INVALID_URL',
    input: '/api/binance/klines?symbol=BTCUSDT&interval=4h&limit=50'
  }
}
CRITICAL: API Connection Failed for BTC/USDT TypeError: Failed to parse 
URL from /api/binance/klines?symbol=BTCUSDT&interval=1d&limit=50
    at node:internal/deps/undici/undici:16416:13
    at async MarketDataService.fetchHistory (file:///C:/Users/movies/Work
space/advanced-trading-platform/src/services/marketData.js:121:25)
    at async Promise.all (index 3)
    at async MarketDataService.fetchMultiTimeframe (file:///C:/Users/movi
es/Workspace/advanced-trading-platform/src/services/marketData.js:149:29)
    at async DirectionalConfidenceGate.checkMultiTFTrend (file:///C:/User
s/movies/Workspace/advanced-trading-platform/src/analysis/DirectionalConf
idenceGate.js:73:29)
    at async DirectionalConfidenceGate.validateDirection (file:///C:/User
s/movies/Workspace/advanced-trading-platform/src/analysis/DirectionalConf
idenceGate.js:25:38)
    at async Promise.all (index 1)
    at async file:///C:/Users/movies/Workspace/advanced-trading-platform/
src/services/analysisOrchestrator.js:720:57
    at async Promise.all (index 3)
    at async AnalysisOrchestrator.analyze (file:///C:/Users/movies/Worksp
ace/advanced-trading-platform/src/services/analysisOrchestrator.js:676:38
) {
  [cause]: TypeError: Invalid URL
      at new URL (node:internal/url:828:25)
      at new Request (node:internal/deps/undici/undici:10971:25)
      at fetch (node:internal/deps/undici/undici:11891:25)
      at fetch (node:internal/deps/undici/undici:16414:10)
      at fetch 
(node:internal/bootstrap/web/exposed-window-or-worker:83:12)
      at MarketDataService.fetchHistory (file:///C:/Users/movies/Workspac
e/advanced-trading-platform/src/services/marketData.js:121:31)
      at file:///C:/Users/movies/Workspace/advanced-trading-platform/src/
services/marketData.js:150:43
      at Array.map (<anonymous>)
      at MarketDataService.fetchMultiTimeframe (file:///C:/Users/movies/W
orkspace/advanced-trading-platform/src/services/marketData.js:150:28)
      at DirectionalConfidenceGate.checkMultiTFTrend (file:///C:/Users/mo
vies/Workspace/advanced-trading-platform/src/analysis/DirectionalConfiden
ceGate.js:73:46) {
    code: 'ERR_INVALID_URL',
    input: '/api/binance/klines?symbol=BTCUSDT&interval=1d&limit=50'
  }
}
Parallel fetch failed for BTC/USDT @ 15m: Market data unavailable for 
BTC/USDT [15m]. Code: Failed to parse URL from 
/api/binance/klines?symbol=BTCUSDT&interval=15m&limit=50
Parallel fetch failed for BTC/USDT @ 1h: Market data unavailable for 
BTC/USDT [1h]. Code: Failed to parse URL from 
/api/binance/klines?symbol=BTCUSDT&interval=1h&limit=50
Parallel fetch failed for BTC/USDT @ 4h: Market data unavailable for 
BTC/USDT [4h]. Code: Failed to parse URL from 
/api/binance/klines?symbol=BTCUSDT&interval=4h&limit=50
Parallel fetch failed for BTC/USDT @ 1d: Market data unavailable for 
BTC/USDT [1d]. Code: Failed to parse URL from 
/api/binance/klines?symbol=BTCUSDT&interval=1d&limit=50
Parallel fetch failed for BTC/USDT @ 15m: Market data unavailable for 
BTC/USDT [15m]. Code: Failed to parse URL from 
/api/binance/klines?symbol=BTCUSDT&interval=15m&limit=50
Parallel fetch failed for BTC/USDT @ 1h: Market data unavailable for 
BTC/USDT [1h]. Code: Failed to parse URL from 
/api/binance/klines?symbol=BTCUSDT&interval=1h&limit=50
Parallel fetch failed for BTC/USDT @ 4h: Market data unavailable for 
BTC/USDT [4h]. Code: Failed to parse URL from 
/api/binance/klines?symbol=BTCUSDT&interval=4h&limit=50
Parallel fetch failed for BTC/USDT @ 1d: Market data unavailable for 
BTC/USDT [1d]. Code: Failed to parse URL from 
/api/binance/klines?symbol=BTCUSDT&interval=1d&limit=50
Parallel fetch failed for BTC/USDT @ 15m: Market data unavailable for 
BTC/USDT [15m]. Code: Failed to parse URL from 
/api/binance/klines?symbol=BTCUSDT&interval=15m&limit=50
Parallel fetch failed for BTC/USDT @ 1h: Market data unavailable for 
BTC/USDT [1h]. Code: Failed to parse URL from 
/api/binance/klines?symbol=BTCUSDT&interval=1h&limit=50
Parallel fetch failed for BTC/USDT @ 4h: Market data unavailable for 
BTC/USDT [4h]. Code: Failed to parse URL from 
/api/binance/klines?symbol=BTCUSDT&interval=4h&limit=50
Parallel fetch failed for BTC/USDT @ 1d: Market data unavailable for 
BTC/USDT [1d]. Code: Failed to parse URL from 
/api/binance/klines?symbol=BTCUSDT&interval=1d&limit=50
Parallel fetch failed for BTC/USDT @ 15m: Market data unavailable for 
BTC/USDT [15m]. Code: Failed to parse URL from 
/api/binance/klines?symbol=BTCUSDT&interval=15m&limit=50
Parallel fetch failed for BTC/USDT @ 1h: Market data unavailable for 
BTC/USDT [1h]. Code: Failed to parse URL from 
/api/binance/klines?symbol=BTCUSDT&interval=1h&limit=50
Parallel fetch failed for BTC/USDT @ 4h: Market data unavailable for 
BTC/USDT [4h]. Code: Failed to parse URL from 
/api/binance/klines?symbol=BTCUSDT&interval=4h&limit=50
Parallel fetch failed for BTC/USDT @ 1d: Market data unavailable for 
BTC/USDT [1d]. Code: Failed to parse URL from 
/api/binance/klines?symbol=BTCUSDT&interval=1d&limit=50
Failed to get strategy performance: [FirebaseError: Expected first 
argument to collection() to be a CollectionReference, a 
DocumentReference or FirebaseFirestore] {
  code: 'invalid-argument',
  customData: undefined,
  toString: [Function (anonymous)]
}
Failed to get strategy performance: [FirebaseError: Expected first 
argument to collection() to be a CollectionReference, a 
DocumentReference or FirebaseFirestore] {
  code: 'invalid-argument',
  customData: undefined,
  toString: [Function (anonymous)]
}
Failed to get strategy performance: [FirebaseError: Expected first 
argument to collection() to be a CollectionReference, a 
DocumentReference or FirebaseFirestore] {
  code: 'invalid-argument',
  customData: undefined,
  toString: [Function (anonymous)]
}
- Primary Bias: SHORT
- Primary Prob: 0.5

Case 2: Checking Scenario Response to High-Impact News...
Failed to get strategy performance: [FirebaseError: Expected first 
argument to collection() to be a CollectionReference, a 
DocumentReference or FirebaseFirestore] {
  code: 'invalid-argument',
  customData: undefined,
  toString: [Function (anonymous)]
}
[PredictionTracker] Error evaluating predictions: [FirebaseError: 
Expected first argument to collection() to be a CollectionReference, a 
DocumentReference or FirebaseFirestore] {
  code: 'invalid-argument',
  customData: undefined,
  toString: [Function (anonymous)]
}
[PredictionTracker] Error getting stats: [FirebaseError: Expected first 
argument to collection() to be a CollectionReference, a 
DocumentReference or FirebaseFirestore] {
  code: 'invalid-argument',
  customData: undefined,
  toString: [Function (anonymous)]
}
LiveOrderBookStore: Tracking EUR/USD (100ms frequency)
Failed to fetch news: TypeError: Failed to parse URL from 
/api/news/cryptopanic?currencies=EUR&kind=news
    at node:internal/deps/undici/undici:16416:13
    at async NewsService.fetchRealNews (file:///C:/Users/movies/Workspace
/advanced-trading-platform/src/services/newsService.js:17:25)
    at async Promise.all (index 0)
    at async AnalysisOrchestrator.analyze (file:///C:/Users/movies/Worksp
ace/advanced-trading-platform/src/services/analysisOrchestrator.js:317:46
)
    at async verifyNewsIntegration (file:///C:/Users/movies/Workspace/adv
anced-trading-platform/src/verify_news_logic.js:38:30) {
  [cause]: TypeError: Invalid URL
      at new URL (node:internal/url:828:25)
      at new Request (node:internal/deps/undici/undici:10971:25)
      at fetch (node:internal/deps/undici/undici:11891:25)
      at fetch (node:internal/deps/undici/undici:16414:10)
      at fetch 
(node:internal/bootstrap/web/exposed-window-or-worker:83:12)
      at NewsService.fetchRealNews (file:///C:/Users/movies/Workspace/adv
anced-trading-platform/src/services/newsService.js:17:31)
      at AnalysisOrchestrator.analyze (file:///C:/Users/movies/Workspace/
advanced-trading-platform/src/services/analysisOrchestrator.js:318:33)
      at async verifyNewsIntegration (file:///C:/Users/movies/Workspace/a
dvanced-trading-platform/src/verify_news_logic.js:38:30) {
    code: 'ERR_INVALID_URL',
    input: '/api/news/cryptopanic?currencies=EUR&kind=news'
  }
}
[NEWS] Calendar fetch failed: TypeError: Failed to parse URL from 
/api/news/calendar?from=2026-02-09&to=2026-02-10
    at node:internal/deps/undici/undici:16416:13
    at async NewsService.fetchEconomicCalendar (file:///C:/Users/movies/W
orkspace/advanced-trading-platform/src/services/newsService.js:45:25)
    at async NewsService.getUpcomingShocks (file:///C:/Users/movies/Works
pace/advanced-trading-platform/src/services/newsService.js:90:24)
    at async Promise.all (index 1)
    at async AnalysisOrchestrator.analyze (file:///C:/Users/movies/Worksp
ace/advanced-trading-platform/src/services/analysisOrchestrator.js:317:46
)
    at async verifyNewsIntegration (file:///C:/Users/movies/Workspace/adv
anced-trading-platform/src/verify_news_logic.js:38:30) {
  [cause]: TypeError: Invalid URL
      at new URL (node:internal/url:828:25)
      at new Request (node:internal/deps/undici/undici:10971:25)
      at fetch (node:internal/deps/undici/undici:11891:25)
      at fetch (node:internal/deps/undici/undici:16414:10)
      at fetch 
(node:internal/bootstrap/web/exposed-window-or-worker:83:12)
      at NewsService.fetchEconomicCalendar (file:///C:/Users/movies/Works
pace/advanced-trading-platform/src/services/newsService.js:45:31)
      at NewsService.getUpcomingShocks (file:///C:/Users/movies/Workspace
/advanced-trading-platform/src/services/newsService.js:90:35)
      at AnalysisOrchestrator.analyze (file:///C:/Users/movies/Workspace/
advanced-trading-platform/src/services/analysisOrchestrator.js:319:33)
      at async verifyNewsIntegration (file:///C:/Users/movies/Workspace/a
dvanced-trading-platform/src/verify_news_logic.js:38:30) {
    code: 'ERR_INVALID_URL',
    input: '/api/news/calendar?from=2026-02-09&to=2026-02-10'
  }
}
CRITICAL: API Connection Failed for EURUSDT TypeError: Failed to parse 
URL from /api/binance/klines?symbol=EURUSDT&interval=4h&limit=20
    at node:internal/deps/undici/undici:16416:13
    at async MarketDataService.fetchHistory (file:///C:/Users/movies/Work
space/advanced-trading-platform/src/services/marketData.js:121:25)
    at async CorrelationEngine.analyzeForexCorrelation (file:///C:/Users/
movies/Workspace/advanced-trading-platform/src/services/correlationEngine
.js:74:28)
    at async CorrelationEngine.getCorrelationBias (file:///C:/Users/movie
s/Workspace/advanced-trading-platform/src/services/correlationEngine.js:2
7:24)
    at async AnalysisOrchestrator.analyze (file:///C:/Users/movies/Worksp
ace/advanced-trading-platform/src/services/analysisOrchestrator.js:337:40
)
    at async verifyNewsIntegration (file:///C:/Users/movies/Workspace/adv
anced-trading-platform/src/verify_news_logic.js:38:30) {
  [cause]: TypeError: Invalid URL
      at new URL (node:internal/url:828:25)
      at new Request (node:internal/deps/undici/undici:10971:25)
      at fetch (node:internal/deps/undici/undici:11891:25)
      at fetch (node:internal/deps/undici/undici:16414:10)
      at fetch 
(node:internal/bootstrap/web/exposed-window-or-worker:83:12)
      at MarketDataService.fetchHistory (file:///C:/Users/movies/Workspac
e/advanced-trading-platform/src/services/marketData.js:121:31)
      at CorrelationEngine.analyzeForexCorrelation (file:///C:/Users/movi
es/Workspace/advanced-trading-platform/src/services/correlationEngine.js:
74:45)
      at CorrelationEngine.getCorrelationBias (file:///C:/Users/movies/Wo
rkspace/advanced-trading-platform/src/services/correlationEngine.js:27:35
)
      at AnalysisOrchestrator.analyze (file:///C:/Users/movies/Workspace/
advanced-trading-platform/src/services/analysisOrchestrator.js:337:69)
      at async verifyNewsIntegration (file:///C:/Users/movies/Workspace/a
dvanced-trading-platform/src/verify_news_logic.js:38:30) {
    code: 'ERR_INVALID_URL',
    input: '/api/binance/klines?symbol=EURUSDT&interval=4h&limit=20'
  }
}
Correlation analysis failed: Error: Market data unavailable for EURUSDT 
[4h]. Code: Failed to parse URL from 
/api/binance/klines?symbol=EURUSDT&interval=4h&limit=20
    at MarketDataService.fetchHistory (file:///C:/Users/movies/Workspace/
advanced-trading-platform/src/services/marketData.js:136:19)
    at async CorrelationEngine.analyzeForexCorrelation (file:///C:/Users/
movies/Workspace/advanced-trading-platform/src/services/correlationEngine
.js:74:28)
    at async CorrelationEngine.getCorrelationBias (file:///C:/Users/movie
s/Workspace/advanced-trading-platform/src/services/correlationEngine.js:2
7:24)
    at async AnalysisOrchestrator.analyze (file:///C:/Users/movies/Worksp
ace/advanced-trading-platform/src/services/analysisOrchestrator.js:337:40
)
    at async verifyNewsIntegration (file:///C:/Users/movies/Workspace/adv
anced-trading-platform/src/verify_news_logic.js:38:30)
[NEWS] Calendar fetch failed: TypeError: Failed to parse URL from 
/api/news/calendar?from=2026-02-09&to=2026-02-10
    at node:internal/deps/undici/undici:16416:13
    at async NewsService.fetchEconomicCalendar (file:///C:/Users/movies/W
orkspace/advanced-trading-platform/src/services/newsService.js:45:25)
    at async NewsService.getUpcomingShocks (file:///C:/Users/movies/Works
pace/advanced-trading-platform/src/services/newsService.js:90:24)
    at async CorrelationEngine.analyzeEventRisk (file:///C:/Users/movies/
Workspace/advanced-trading-platform/src/services/correlationEngine.js:239
:28)
    at async AnalysisOrchestrator.analyze (file:///C:/Users/movies/Worksp
ace/advanced-trading-platform/src/services/analysisOrchestrator.js:339:33
)
    at async verifyNewsIntegration (file:///C:/Users/movies/Workspace/adv
anced-trading-platform/src/verify_news_logic.js:38:30) {
  [cause]: TypeError: Invalid URL
      at new URL (node:internal/url:828:25)
      at new Request (node:internal/deps/undici/undici:10971:25)
      at fetch (node:internal/deps/undici/undici:11891:25)
      at fetch (node:internal/deps/undici/undici:16414:10)
      at fetch 
(node:internal/bootstrap/web/exposed-window-or-worker:83:12)
      at NewsService.fetchEconomicCalendar (file:///C:/Users/movies/Works
pace/advanced-trading-platform/src/services/newsService.js:45:31)
      at NewsService.getUpcomingShocks (file:///C:/Users/movies/Workspace
/advanced-trading-platform/src/services/newsService.js:90:35)
      at CorrelationEngine.analyzeEventRisk (file:///C:/Users/movies/Work
space/advanced-trading-platform/src/services/correlationEngine.js:239:46)
      at AnalysisOrchestrator.analyze (file:///C:/Users/movies/Workspace/
advanced-trading-platform/src/services/analysisOrchestrator.js:339:62)
      at async verifyNewsIntegration (file:///C:/Users/movies/Workspace/a
dvanced-trading-platform/src/verify_news_logic.js:38:30) {
    code: 'ERR_INVALID_URL',
    input: '/api/news/calendar?from=2026-02-09&to=2026-02-10'
  }
}
CRITICAL: API Connection Failed for EURUSD TypeError: Failed to parse 
URL from /api/binance/klines?symbol=EURUSDT&interval=1d&limit=2
    at node:internal/deps/undici/undici:16416:13
    at async MarketDataService.fetchHistory (file:///C:/Users/movies/Work
space/advanced-trading-platform/src/services/marketData.js:121:25)
    at async Promise.all (index 0)
    at async AnalysisOrchestrator.analyze (file:///C:/Users/movies/Worksp
ace/advanced-trading-platform/src/services/analysisOrchestrator.js:465:44
)
    at async verifyNewsIntegration (file:///C:/Users/movies/Workspace/adv
anced-trading-platform/src/verify_news_logic.js:38:30) {
  [cause]: TypeError: Invalid URL
      at new URL (node:internal/url:828:25)
      at new Request (node:internal/deps/undici/undici:10971:25)
      at fetch (node:internal/deps/undici/undici:11891:25)
      at fetch (node:internal/deps/undici/undici:16414:10)
      at fetch 
(node:internal/bootstrap/web/exposed-window-or-worker:83:12)
      at MarketDataService.fetchHistory (file:///C:/Users/movies/Workspac
e/advanced-trading-platform/src/services/marketData.js:121:31)
      at file:///C:/Users/movies/Workspace/advanced-trading-platform/src/
services/analysisOrchestrator.js:466:57
      at Array.map (<anonymous>)
      at AnalysisOrchestrator.analyze (file:///C:/Users/movies/Workspace/
advanced-trading-platform/src/services/analysisOrchestrator.js:466:37)
      at async verifyNewsIntegration (file:///C:/Users/movies/Workspace/a
dvanced-trading-platform/src/verify_news_logic.js:38:30) {
    code: 'ERR_INVALID_URL',
    input: '/api/binance/klines?symbol=EURUSDT&interval=1d&limit=2'
  }
}
CRITICAL: API Connection Failed for GBPUSD TypeError: Failed to parse 
URL from /api/binance/klines?symbol=GBPUSDT&interval=1d&limit=2
    at node:internal/deps/undici/undici:16416:13
    at async MarketDataService.fetchHistory (file:///C:/Users/movies/Work
space/advanced-trading-platform/src/services/marketData.js:121:25)
    at async Promise.all (index 1)
    at async AnalysisOrchestrator.analyze (file:///C:/Users/movies/Worksp
ace/advanced-trading-platform/src/services/analysisOrchestrator.js:465:44
)
    at async verifyNewsIntegration (file:///C:/Users/movies/Workspace/adv
anced-trading-platform/src/verify_news_logic.js:38:30) {
  [cause]: TypeError: Invalid URL
      at new URL (node:internal/url:828:25)
      at new Request (node:internal/deps/undici/undici:10971:25)
      at fetch (node:internal/deps/undici/undici:11891:25)
      at fetch (node:internal/deps/undici/undici:16414:10)
      at fetch 
(node:internal/bootstrap/web/exposed-window-or-worker:83:12)
      at MarketDataService.fetchHistory (file:///C:/Users/movies/Workspac
e/advanced-trading-platform/src/services/marketData.js:121:31)
      at file:///C:/Users/movies/Workspace/advanced-trading-platform/src/
services/analysisOrchestrator.js:466:57
      at Array.map (<anonymous>)
      at AnalysisOrchestrator.analyze (file:///C:/Users/movies/Workspace/
advanced-trading-platform/src/services/analysisOrchestrator.js:466:37)
      at async verifyNewsIntegration (file:///C:/Users/movies/Workspace/a
dvanced-trading-platform/src/verify_news_logic.js:38:30) {
    code: 'ERR_INVALID_URL',
    input: '/api/binance/klines?symbol=GBPUSDT&interval=1d&limit=2'
  }
}
CRITICAL: API Connection Failed for AUDUSD TypeError: Failed to parse 
URL from /api/binance/klines?symbol=AUDUSDT&interval=1d&limit=2
    at node:internal/deps/undici/undici:16416:13
    at async MarketDataService.fetchHistory (file:///C:/Users/movies/Work
space/advanced-trading-platform/src/services/marketData.js:121:25)
    at async Promise.all (index 2)
    at async AnalysisOrchestrator.analyze (file:///C:/Users/movies/Worksp
ace/advanced-trading-platform/src/services/analysisOrchestrator.js:465:44
)
    at async verifyNewsIntegration (file:///C:/Users/movies/Workspace/adv
anced-trading-platform/src/verify_news_logic.js:38:30) {
  [cause]: TypeError: Invalid URL
      at new URL (node:internal/url:828:25)
      at new Request (node:internal/deps/undici/undici:10971:25)
      at fetch (node:internal/deps/undici/undici:11891:25)
      at fetch (node:internal/deps/undici/undici:16414:10)
      at fetch 
(node:internal/bootstrap/web/exposed-window-or-worker:83:12)
      at MarketDataService.fetchHistory (file:///C:/Users/movies/Workspac
e/advanced-trading-platform/src/services/marketData.js:121:31)
      at file:///C:/Users/movies/Workspace/advanced-trading-platform/src/
services/analysisOrchestrator.js:466:57
      at Array.map (<anonymous>)
      at AnalysisOrchestrator.analyze (file:///C:/Users/movies/Workspace/
advanced-trading-platform/src/services/analysisOrchestrator.js:466:37)
      at async verifyNewsIntegration (file:///C:/Users/movies/Workspace/a
dvanced-trading-platform/src/verify_news_logic.js:38:30) {
    code: 'ERR_INVALID_URL',
    input: '/api/binance/klines?symbol=AUDUSDT&interval=1d&limit=2'
  }
}
CRITICAL: API Connection Failed for NZDUSD TypeError: Failed to parse 
URL from /api/binance/klines?symbol=AUDUSDT&interval=1d&limit=2
    at node:internal/deps/undici/undici:16416:13
    at async MarketDataService.fetchHistory (file:///C:/Users/movies/Work
space/advanced-trading-platform/src/services/marketData.js:121:25)
    at async Promise.all (index 3)
    at async AnalysisOrchestrator.analyze (file:///C:/Users/movies/Worksp
ace/advanced-trading-platform/src/services/analysisOrchestrator.js:465:44
)
    at async verifyNewsIntegration (file:///C:/Users/movies/Workspace/adv
anced-trading-platform/src/verify_news_logic.js:38:30) {
  [cause]: TypeError: Invalid URL
      at new URL (node:internal/url:828:25)
      at new Request (node:internal/deps/undici/undici:10971:25)
      at fetch (node:internal/deps/undici/undici:11891:25)
      at fetch (node:internal/deps/undici/undici:16414:10)
      at fetch 
(node:internal/bootstrap/web/exposed-window-or-worker:83:12)
      at MarketDataService.fetchHistory (file:///C:/Users/movies/Workspac
e/advanced-trading-platform/src/services/marketData.js:121:31)
      at file:///C:/Users/movies/Workspace/advanced-trading-platform/src/
services/analysisOrchestrator.js:466:57
      at Array.map (<anonymous>)
      at AnalysisOrchestrator.analyze (file:///C:/Users/movies/Workspace/
advanced-trading-platform/src/services/analysisOrchestrator.js:466:37)
      at async verifyNewsIntegration (file:///C:/Users/movies/Workspace/a
dvanced-trading-platform/src/verify_news_logic.js:38:30) {
    code: 'ERR_INVALID_URL',
    input: '/api/binance/klines?symbol=AUDUSDT&interval=1d&limit=2'
  }
}
CRITICAL: API Connection Failed for USDJPY TypeError: Failed to parse 
URL from /api/binance/klines?symbol=USDTJPY&interval=1d&limit=2
    at node:internal/deps/undici/undici:16416:13
    at async MarketDataService.fetchHistory (file:///C:/Users/movies/Work
space/advanced-trading-platform/src/services/marketData.js:121:25)
    at async Promise.all (index 4)
    at async AnalysisOrchestrator.analyze (file:///C:/Users/movies/Worksp
ace/advanced-trading-platform/src/services/analysisOrchestrator.js:465:44
)
    at async verifyNewsIntegration (file:///C:/Users/movies/Workspace/adv
anced-trading-platform/src/verify_news_logic.js:38:30) {
  [cause]: TypeError: Invalid URL
      at new URL (node:internal/url:828:25)
      at new Request (node:internal/deps/undici/undici:10971:25)
      at fetch (node:internal/deps/undici/undici:11891:25)
      at fetch (node:internal/deps/undici/undici:16414:10)
      at fetch 
(node:internal/bootstrap/web/exposed-window-or-worker:83:12)
      at MarketDataService.fetchHistory (file:///C:/Users/movies/Workspac
e/advanced-trading-platform/src/services/marketData.js:121:31)
      at file:///C:/Users/movies/Workspace/advanced-trading-platform/src/
services/analysisOrchestrator.js:466:57
      at Array.map (<anonymous>)
      at AnalysisOrchestrator.analyze (file:///C:/Users/movies/Workspace/
advanced-trading-platform/src/services/analysisOrchestrator.js:466:37)
      at async verifyNewsIntegration (file:///C:/Users/movies/Workspace/a
dvanced-trading-platform/src/verify_news_logic.js:38:30) {
    code: 'ERR_INVALID_URL',
    input: '/api/binance/klines?symbol=USDTJPY&interval=1d&limit=2'
  }
}
CRITICAL: API Connection Failed for USDCHF TypeError: Failed to parse 
URL from /api/binance/klines?symbol=USDTBRL&interval=1d&limit=2
    at node:internal/deps/undici/undici:16416:13
    at async MarketDataService.fetchHistory (file:///C:/Users/movies/Work
space/advanced-trading-platform/src/services/marketData.js:121:25)
    at async Promise.all (index 5)
    at async AnalysisOrchestrator.analyze (file:///C:/Users/movies/Worksp
ace/advanced-trading-platform/src/services/analysisOrchestrator.js:465:44
)
    at async verifyNewsIntegration (file:///C:/Users/movies/Workspace/adv
anced-trading-platform/src/verify_news_logic.js:38:30) {
  [cause]: TypeError: Invalid URL
      at new URL (node:internal/url:828:25)
      at new Request (node:internal/deps/undici/undici:10971:25)
      at fetch (node:internal/deps/undici/undici:11891:25)
      at fetch (node:internal/deps/undici/undici:16414:10)
      at fetch 
(node:internal/bootstrap/web/exposed-window-or-worker:83:12)
      at MarketDataService.fetchHistory (file:///C:/Users/movies/Workspac
e/advanced-trading-platform/src/services/marketData.js:121:31)
      at file:///C:/Users/movies/Workspace/advanced-trading-platform/src/
services/analysisOrchestrator.js:466:57
      at Array.map (<anonymous>)
      at AnalysisOrchestrator.analyze (file:///C:/Users/movies/Workspace/
advanced-trading-platform/src/services/analysisOrchestrator.js:466:37)
      at async verifyNewsIntegration (file:///C:/Users/movies/Workspace/a
dvanced-trading-platform/src/verify_news_logic.js:38:30) {
    code: 'ERR_INVALID_URL',
    input: '/api/binance/klines?symbol=USDTBRL&interval=1d&limit=2'
  }
}
CRITICAL: API Connection Failed for USDCAD TypeError: Failed to parse 
URL from /api/binance/klines?symbol=USDTBRL&interval=1d&limit=2
    at node:internal/deps/undici/undici:16416:13
    at async MarketDataService.fetchHistory (file:///C:/Users/movies/Work
space/advanced-trading-platform/src/services/marketData.js:121:25)
    at async Promise.all (index 6)
    at async AnalysisOrchestrator.analyze (file:///C:/Users/movies/Worksp
ace/advanced-trading-platform/src/services/analysisOrchestrator.js:465:44
)
    at async verifyNewsIntegration (file:///C:/Users/movies/Workspace/adv
anced-trading-platform/src/verify_news_logic.js:38:30) {
  [cause]: TypeError: Invalid URL
      at new URL (node:internal/url:828:25)
      at new Request (node:internal/deps/undici/undici:10971:25)
      at fetch (node:internal/deps/undici/undici:11891:25)
      at fetch (node:internal/deps/undici/undici:16414:10)
      at fetch 
(node:internal/bootstrap/web/exposed-window-or-worker:83:12)
      at MarketDataService.fetchHistory (file:///C:/Users/movies/Workspac
e/advanced-trading-platform/src/services/marketData.js:121:31)
      at file:///C:/Users/movies/Workspace/advanced-trading-platform/src/
services/analysisOrchestrator.js:466:57
      at Array.map (<anonymous>)
      at AnalysisOrchestrator.analyze (file:///C:/Users/movies/Workspace/
advanced-trading-platform/src/services/analysisOrchestrator.js:466:37)
      at async verifyNewsIntegration (file:///C:/Users/movies/Workspace/a
dvanced-trading-platform/src/verify_news_logic.js:38:30) {
    code: 'ERR_INVALID_URL',
    input: '/api/binance/klines?symbol=USDTBRL&interval=1d&limit=2'
  }
}
CRITICAL: API Connection Failed for EURUSDT TypeError: Failed to parse 
URL from /api/binance/klines?symbol=EURUSDT&interval=1h&limit=21
    at node:internal/deps/undici/undici:16416:13
    at async MarketDataService.fetchHistory (file:///C:/Users/movies/Work
space/advanced-trading-platform/src/services/marketData.js:121:25)
    at async RelativeStrengthEngine.calculateMTFRelativeStrength (file://
/C:/Users/movies/Workspace/advanced-trading-platform/src/services/relativ
eStrengthEngine.js:41:38)
    at async RelativeStrengthEngine.calculateRelativeStrength (file:///C:
/Users/movies/Workspace/advanced-trading-platform/src/services/relativeSt
rengthEngine.js:102:24)
    at async AnalysisOrchestrator.analyze (file:///C:/Users/movies/Worksp
ace/advanced-trading-platform/src/services/analysisOrchestrator.js:494:40
)
    at async verifyNewsIntegration (file:///C:/Users/movies/Workspace/adv
anced-trading-platform/src/verify_news_logic.js:38:30) {
  [cause]: TypeError: Invalid URL
      at new URL (node:internal/url:828:25)
      at new Request (node:internal/deps/undici/undici:10971:25)
      at fetch (node:internal/deps/undici/undici:11891:25)
      at fetch (node:internal/deps/undici/undici:16414:10)
      at fetch 
(node:internal/bootstrap/web/exposed-window-or-worker:83:12)
      at MarketDataService.fetchHistory (file:///C:/Users/movies/Workspac
e/advanced-trading-platform/src/services/marketData.js:121:31)
      at RelativeStrengthEngine.calculateMTFRelativeStrength (file:///C:/
Users/movies/Workspace/advanced-trading-platform/src/services/relativeStr
engthEngine.js:41:55)
      at RelativeStrengthEngine.calculateRelativeStrength (file:///C:/Use
rs/movies/Workspace/advanced-trading-platform/src/services/relativeStreng
thEngine.js:102:35)
      at AnalysisOrchestrator.analyze (file:///C:/Users/movies/Workspace/
advanced-trading-platform/src/services/analysisOrchestrator.js:494:74)
      at async verifyNewsIntegration (file:///C:/Users/movies/Workspace/a
dvanced-trading-platform/src/verify_news_logic.js:38:30) {
    code: 'ERR_INVALID_URL',
    input: '/api/binance/klines?symbol=EURUSDT&interval=1h&limit=21'
  }
}
MTF Relative Strength failed: Error: Market data unavailable for EURUSDT 
[1h]. Code: Failed to parse URL from 
/api/binance/klines?symbol=EURUSDT&interval=1h&limit=21
    at MarketDataService.fetchHistory (file:///C:/Users/movies/Workspace/
advanced-trading-platform/src/services/marketData.js:136:19)
    at async RelativeStrengthEngine.calculateMTFRelativeStrength (file://
/C:/Users/movies/Workspace/advanced-trading-platform/src/services/relativ
eStrengthEngine.js:41:38)
    at async RelativeStrengthEngine.calculateRelativeStrength (file:///C:
/Users/movies/Workspace/advanced-trading-platform/src/services/relativeSt
rengthEngine.js:102:24)
    at async AnalysisOrchestrator.analyze (file:///C:/Users/movies/Worksp
ace/advanced-trading-platform/src/services/analysisOrchestrator.js:494:40
)
    at async verifyNewsIntegration (file:///C:/Users/movies/Workspace/adv
anced-trading-platform/src/verify_news_logic.js:38:30)
News sentiment fetch failed: TypeError: Failed to parse URL from /api/new
s/everything?q=EUR%20cryptocurrency%20OR%20EUR%20forex&sortBy=publishedAt
&language=en&pageSize=20
    at node:internal/deps/undici/undici:16416:13
    at async getNewsSentiment (file:///C:/Users/movies/Workspace/advanced
-trading-platform/src/services/sentimentService.js:97:26)
    at async Promise.all (index 0)
    at async analyzeSentiment (file:///C:/Users/movies/Workspace/advanced
-trading-platform/src/services/sentimentService.js:30:61)
    at async Promise.all (index 0)
    at async AnalysisOrchestrator.analyze (file:///C:/Users/movies/Worksp
ace/advanced-trading-platform/src/services/analysisOrchestrator.js:502:88
)
    at async verifyNewsIntegration (file:///C:/Users/movies/Workspace/adv
anced-trading-platform/src/verify_news_logic.js:38:30) {
  [cause]: TypeError: Invalid URL
      at new URL (node:internal/url:828:25)
      at new Request (node:internal/deps/undici/undici:10971:25)
      at fetch (node:internal/deps/undici/undici:11891:25)
      at fetch (node:internal/deps/undici/undici:16414:10)
      at fetch 
(node:internal/bootstrap/web/exposed-window-or-worker:83:12)
      at getNewsSentiment (file:///C:/Users/movies/Workspace/advanced-tra
ding-platform/src/services/sentimentService.js:97:32)
      at analyzeSentiment (file:///C:/Users/movies/Workspace/advanced-tra
ding-platform/src/services/sentimentService.js:31:13)
      at AnalysisOrchestrator.analyze (file:///C:/Users/movies/Workspace/
advanced-trading-platform/src/services/analysisOrchestrator.js:503:21)
      at async verifyNewsIntegration (file:///C:/Users/movies/Workspace/a
dvanced-trading-platform/src/verify_news_logic.js:38:30) {
    code: 'ERR_INVALID_URL',
    input: '/api/news/everything?q=EUR%20cryptocurrency%20OR%20EUR%20fore
x&sortBy=publishedAt&language=en&pageSize=20'
  }
}
Failed to fetch Order Book: TypeError: Failed to parse URL from 
/api/binance/depth?symbol=EURUSDT&limit=40
    at node:internal/deps/undici/undici:16416:13
    at async MarketDataService.fetchOrderBook (file:///C:/Users/movies/Wo
rkspace/advanced-trading-platform/src/services/marketData.js:174:25)
    at async Promise.all (index 4)
    at async AnalysisOrchestrator.analyze (file:///C:/Users/movies/Worksp
ace/advanced-trading-platform/src/services/analysisOrchestrator.js:502:88
)
    at async verifyNewsIntegration (file:///C:/Users/movies/Workspace/adv
anced-trading-platform/src/verify_news_logic.js:38:30) {
  [cause]: TypeError: Invalid URL
      at new URL (node:internal/url:828:25)
      at new Request (node:internal/deps/undici/undici:10971:25)
      at fetch (node:internal/deps/undici/undici:11891:25)
      at fetch (node:internal/deps/undici/undici:16414:10)
      at fetch 
(node:internal/bootstrap/web/exposed-window-or-worker:83:12)
      at MarketDataService.fetchOrderBook (file:///C:/Users/movies/Worksp
ace/advanced-trading-platform/src/services/marketData.js:174:31)
      at AnalysisOrchestrator.analyze (file:///C:/Users/movies/Workspace/
advanced-trading-platform/src/services/analysisOrchestrator.js:507:32)
      at async verifyNewsIntegration (file:///C:/Users/movies/Workspace/a
dvanced-trading-platform/src/verify_news_logic.js:38:30) {
    code: 'ERR_INVALID_URL',
    input: '/api/binance/depth?symbol=EURUSDT&limit=40'
  }
}
[NEWS] Calendar fetch failed: TypeError: Failed to parse URL from 
/api/news/calendar?from=2026-02-09&to=2026-02-10
    at node:internal/deps/undici/undici:16416:13
    at async NewsService.fetchEconomicCalendar (file:///C:/Users/movies/W
orkspace/advanced-trading-platform/src/services/newsService.js:45:25)
    at async NewsService.getUpcomingShocks (file:///C:/Users/movies/Works
pace/advanced-trading-platform/src/services/newsService.js:90:24)
    at async NewsShockEngine.getActiveShock (file:///C:/Users/movies/Work
space/advanced-trading-platform/src/services/newsShockEngine.js:16:26)
    at async AnalysisOrchestrator.analyze (file:///C:/Users/movies/Worksp
ace/advanced-trading-platform/src/services/analysisOrchestrator.js:525:33
)
    at async verifyNewsIntegration (file:///C:/Users/movies/Workspace/adv
anced-trading-platform/src/verify_news_logic.js:38:30) {
  [cause]: TypeError: Invalid URL
      at new URL (node:internal/url:828:25)
      at new Request (node:internal/deps/undici/undici:10971:25)
      at fetch (node:internal/deps/undici/undici:11891:25)
      at fetch (node:internal/deps/undici/undici:16414:10)
      at fetch 
(node:internal/bootstrap/web/exposed-window-or-worker:83:12)
      at NewsService.fetchEconomicCalendar (file:///C:/Users/movies/Works
pace/advanced-trading-platform/src/services/newsService.js:45:31)
      at NewsService.getUpcomingShocks (file:///C:/Users/movies/Workspace
/advanced-trading-platform/src/services/newsService.js:90:35)
      at NewsShockEngine.getActiveShock (file:///C:/Users/movies/Workspac
e/advanced-trading-platform/src/services/newsShockEngine.js:16:44)
      at AnalysisOrchestrator.analyze (file:///C:/Users/movies/Workspace/
advanced-trading-platform/src/services/analysisOrchestrator.js:525:55)
      at async verifyNewsIntegration (file:///C:/Users/movies/Workspace/a
dvanced-trading-platform/src/verify_news_logic.js:38:30) {
    code: 'ERR_INVALID_URL',
    input: '/api/news/calendar?from=2026-02-09&to=2026-02-10'
  }
}
[PredictionTracker] Error getting stats: [FirebaseError: Expected first 
argument to collection() to be a CollectionReference, a 
DocumentReference or FirebaseFirestore] {
  code: 'invalid-argument',
  customData: undefined,
  toString: [Function (anonymous)]
}
[PredictionTracker] Error getting stats: [FirebaseError: Expected first 
argument to collection() to be a CollectionReference, a 
DocumentReference or FirebaseFirestore] {
  code: 'invalid-argument',
  customData: undefined,
  toString: [Function (anonymous)]
}
Failed to get strategy performance: [FirebaseError: Expected first 
argument to collection() to be a CollectionReference, a 
DocumentReference or FirebaseFirestore] {
  code: 'invalid-argument',
  customData: undefined,
  toString: [Function (anonymous)]
}
Failed to get strategy performance: [FirebaseError: Expected first 
argument to collection() to be a CollectionReference, a 
DocumentReference or FirebaseFirestore] {
  code: 'invalid-argument',
  customData: undefined,
  toString: [Function (anonymous)]
}
Failed to get strategy performance: [FirebaseError: Expected first 
argument to collection() to be a CollectionReference, a 
DocumentReference or FirebaseFirestore] {
  code: 'invalid-argument',
  customData: undefined,
  toString: [Function (anonymous)]
}
Failed to get strategy performance: [FirebaseError: Expected first 
argument to collection() to be a CollectionReference, a 
DocumentReference or FirebaseFirestore] {
  code: 'invalid-argument',
  customData: undefined,
  toString: [Function (anonymous)]
}
Failed to get strategy performance: [FirebaseError: Expected first 
argument to collection() to be a CollectionReference, a 
DocumentReference or FirebaseFirestore] {
  code: 'invalid-argument',
  customData: undefined,
  toString: [Function (anonymous)]
}
Failed to get strategy performance: [FirebaseError: Expected first 
argument to collection() to be a CollectionReference, a 
DocumentReference or FirebaseFirestore] {
  code: 'invalid-argument',
  customData: undefined,
  toString: [Function (anonymous)]
}
[PredictionTracker] Error getting stats: [FirebaseError: Expected first 
argument to collection() to be a CollectionReference, a 
DocumentReference or FirebaseFirestore] {
  code: 'invalid-argument',
  customData: undefined,
  toString: [Function (anonymous)]
}
[PredictionTracker] Error getting stats: [FirebaseError: Expected first 
argument to collection() to be a CollectionReference, a 
DocumentReference or FirebaseFirestore] {
  code: 'invalid-argument',
  customData: undefined,
  toString: [Function (anonymous)]
}
[PredictionTracker] Error getting stats: [FirebaseError: Expected first 
argument to collection() to be a CollectionReference, a 
DocumentReference or FirebaseFirestore] {
  code: 'invalid-argument',
  customData: undefined,
  toString: [Function (anonymous)]
}
[PredictionTracker] Error getting stats: [FirebaseError: Expected first 
argument to collection() to be a CollectionReference, a 
DocumentReference or FirebaseFirestore] {
  code: 'invalid-argument',
  customData: undefined,
  toString: [Function (anonymous)]
}
CRITICAL: API Connection Failed for EUR/USD TypeError: Failed to parse 
URL from /api/binance/klines?symbol=EURUSDT&interval=15m&limit=50
    at node:internal/deps/undici/undici:16416:13
    at async MarketDataService.fetchHistory (file:///C:/Users/movies/Work
space/advanced-trading-platform/src/services/marketData.js:121:25)
    at async Promise.all (index 0)
    at async MarketDataService.fetchMultiTimeframe (file:///C:/Users/movi
es/Workspace/advanced-trading-platform/src/services/marketData.js:149:29)
    at async DirectionalConfidenceGate.checkMultiTFTrend (file:///C:/User
s/movies/Workspace/advanced-trading-platform/src/analysis/DirectionalConf
idenceGate.js:73:29)
    at async DirectionalConfidenceGate.validateDirection (file:///C:/User
s/movies/Workspace/advanced-trading-platform/src/analysis/DirectionalConf
idenceGate.js:25:38)
    at async Promise.all (index 1)
    at async file:///C:/Users/movies/Workspace/advanced-trading-platform/
src/services/analysisOrchestrator.js:720:57
    at async Promise.all (index 0)
    at async AnalysisOrchestrator.analyze (file:///C:/Users/movies/Worksp
ace/advanced-trading-platform/src/services/analysisOrchestrator.js:676:38
) {
  [cause]: TypeError: Invalid URL
      at new URL (node:internal/url:828:25)
      at new Request (node:internal/deps/undici/undici:10971:25)
      at fetch (node:internal/deps/undici/undici:11891:25)
      at fetch (node:internal/deps/undici/undici:16414:10)
      at fetch 
(node:internal/bootstrap/web/exposed-window-or-worker:83:12)
      at MarketDataService.fetchHistory (file:///C:/Users/movies/Workspac
e/advanced-trading-platform/src/services/marketData.js:121:31)
      at file:///C:/Users/movies/Workspace/advanced-trading-platform/src/
services/marketData.js:150:43
      at Array.map (<anonymous>)
      at MarketDataService.fetchMultiTimeframe (file:///C:/Users/movies/W
orkspace/advanced-trading-platform/src/services/marketData.js:150:28)
      at DirectionalConfidenceGate.checkMultiTFTrend (file:///C:/Users/mo
vies/Workspace/advanced-trading-platform/src/analysis/DirectionalConfiden
ceGate.js:73:46) {
    code: 'ERR_INVALID_URL',
    input: '/api/binance/klines?symbol=EURUSDT&interval=15m&limit=50'
  }
}
CRITICAL: API Connection Failed for EUR/USD TypeError: Failed to parse 
URL from /api/binance/klines?symbol=EURUSDT&interval=1h&limit=50
    at node:internal/deps/undici/undici:16416:13
    at async MarketDataService.fetchHistory (file:///C:/Users/movies/Work
space/advanced-trading-platform/src/services/marketData.js:121:25)
    at async Promise.all (index 1)
    at async MarketDataService.fetchMultiTimeframe (file:///C:/Users/movi
es/Workspace/advanced-trading-platform/src/services/marketData.js:149:29)
    at async DirectionalConfidenceGate.checkMultiTFTrend (file:///C:/User
s/movies/Workspace/advanced-trading-platform/src/analysis/DirectionalConf
idenceGate.js:73:29)
    at async DirectionalConfidenceGate.validateDirection (file:///C:/User
s/movies/Workspace/advanced-trading-platform/src/analysis/DirectionalConf
idenceGate.js:25:38)
    at async Promise.all (index 1)
    at async file:///C:/Users/movies/Workspace/advanced-trading-platform/
src/services/analysisOrchestrator.js:720:57
    at async Promise.all (index 0)
    at async AnalysisOrchestrator.analyze (file:///C:/Users/movies/Worksp
ace/advanced-trading-platform/src/services/analysisOrchestrator.js:676:38
) {
  [cause]: TypeError: Invalid URL
      at new URL (node:internal/url:828:25)
      at new Request (node:internal/deps/undici/undici:10971:25)
      at fetch (node:internal/deps/undici/undici:11891:25)
      at fetch (node:internal/deps/undici/undici:16414:10)
      at fetch 
(node:internal/bootstrap/web/exposed-window-or-worker:83:12)
      at MarketDataService.fetchHistory (file:///C:/Users/movies/Workspac
e/advanced-trading-platform/src/services/marketData.js:121:31)
      at file:///C:/Users/movies/Workspace/advanced-trading-platform/src/
services/marketData.js:150:43
      at Array.map (<anonymous>)
      at MarketDataService.fetchMultiTimeframe (file:///C:/Users/movies/W
orkspace/advanced-trading-platform/src/services/marketData.js:150:28)
      at DirectionalConfidenceGate.checkMultiTFTrend (file:///C:/Users/mo
vies/Workspace/advanced-trading-platform/src/analysis/DirectionalConfiden
ceGate.js:73:46) {
    code: 'ERR_INVALID_URL',
    input: '/api/binance/klines?symbol=EURUSDT&interval=1h&limit=50'
  }
}
CRITICAL: API Connection Failed for EUR/USD TypeError: Failed to parse 
URL from /api/binance/klines?symbol=EURUSDT&interval=4h&limit=50
    at node:internal/deps/undici/undici:16416:13
    at async MarketDataService.fetchHistory (file:///C:/Users/movies/Work
space/advanced-trading-platform/src/services/marketData.js:121:25)
    at async Promise.all (index 2)
    at async MarketDataService.fetchMultiTimeframe (file:///C:/Users/movi
es/Workspace/advanced-trading-platform/src/services/marketData.js:149:29)
    at async DirectionalConfidenceGate.checkMultiTFTrend (file:///C:/User
s/movies/Workspace/advanced-trading-platform/src/analysis/DirectionalConf
idenceGate.js:73:29)
    at async DirectionalConfidenceGate.validateDirection (file:///C:/User
s/movies/Workspace/advanced-trading-platform/src/analysis/DirectionalConf
idenceGate.js:25:38)
    at async Promise.all (index 1)
    at async file:///C:/Users/movies/Workspace/advanced-trading-platform/
src/services/analysisOrchestrator.js:720:57
    at async Promise.all (index 0)
    at async AnalysisOrchestrator.analyze (file:///C:/Users/movies/Worksp
ace/advanced-trading-platform/src/services/analysisOrchestrator.js:676:38
) {
  [cause]: TypeError: Invalid URL
      at new URL (node:internal/url:828:25)
      at new Request (node:internal/deps/undici/undici:10971:25)
      at fetch (node:internal/deps/undici/undici:11891:25)
      at fetch (node:internal/deps/undici/undici:16414:10)
      at fetch 
(node:internal/bootstrap/web/exposed-window-or-worker:83:12)
      at MarketDataService.fetchHistory (file:///C:/Users/movies/Workspac
e/advanced-trading-platform/src/services/marketData.js:121:31)
      at file:///C:/Users/movies/Workspace/advanced-trading-platform/src/
services/marketData.js:150:43
      at Array.map (<anonymous>)
      at MarketDataService.fetchMultiTimeframe (file:///C:/Users/movies/W
orkspace/advanced-trading-platform/src/services/marketData.js:150:28)
      at DirectionalConfidenceGate.checkMultiTFTrend (file:///C:/Users/mo
vies/Workspace/advanced-trading-platform/src/analysis/DirectionalConfiden
ceGate.js:73:46) {
    code: 'ERR_INVALID_URL',
    input: '/api/binance/klines?symbol=EURUSDT&interval=4h&limit=50'
  }
}
CRITICAL: API Connection Failed for EUR/USD TypeError: Failed to parse 
URL from /api/binance/klines?symbol=EURUSDT&interval=1d&limit=50
    at node:internal/deps/undici/undici:16416:13
    at async MarketDataService.fetchHistory (file:///C:/Users/movies/Work
space/advanced-trading-platform/src/services/marketData.js:121:25)
    at async Promise.all (index 3)
    at async MarketDataService.fetchMultiTimeframe (file:///C:/Users/movi
es/Workspace/advanced-trading-platform/src/services/marketData.js:149:29)
    at async DirectionalConfidenceGate.checkMultiTFTrend (file:///C:/User
s/movies/Workspace/advanced-trading-platform/src/analysis/DirectionalConf
idenceGate.js:73:29)
    at async DirectionalConfidenceGate.validateDirection (file:///C:/User
s/movies/Workspace/advanced-trading-platform/src/analysis/DirectionalConf
idenceGate.js:25:38)
    at async Promise.all (index 1)
    at async file:///C:/Users/movies/Workspace/advanced-trading-platform/
src/services/analysisOrchestrator.js:720:57
    at async Promise.all (index 0)
    at async AnalysisOrchestrator.analyze (file:///C:/Users/movies/Worksp
ace/advanced-trading-platform/src/services/analysisOrchestrator.js:676:38
) {
  [cause]: TypeError: Invalid URL
      at new URL (node:internal/url:828:25)
      at new Request (node:internal/deps/undici/undici:10971:25)
      at fetch (node:internal/deps/undici/undici:11891:25)
      at fetch (node:internal/deps/undici/undici:16414:10)
      at fetch 
(node:internal/bootstrap/web/exposed-window-or-worker:83:12)
      at MarketDataService.fetchHistory (file:///C:/Users/movies/Workspac
e/advanced-trading-platform/src/services/marketData.js:121:31)
      at file:///C:/Users/movies/Workspace/advanced-trading-platform/src/
services/marketData.js:150:43
      at Array.map (<anonymous>)
      at MarketDataService.fetchMultiTimeframe (file:///C:/Users/movies/W
orkspace/advanced-trading-platform/src/services/marketData.js:150:28)
      at DirectionalConfidenceGate.checkMultiTFTrend (file:///C:/Users/mo
vies/Workspace/advanced-trading-platform/src/analysis/DirectionalConfiden
ceGate.js:73:46) {
    code: 'ERR_INVALID_URL',
    input: '/api/binance/klines?symbol=EURUSDT&interval=1d&limit=50'
  }
}
CRITICAL: API Connection Failed for EUR/USD TypeError: Failed to parse 
URL from /api/binance/klines?symbol=EURUSDT&interval=15m&limit=50
    at node:internal/deps/undici/undici:16416:13
    at async MarketDataService.fetchHistory (file:///C:/Users/movies/Work
space/advanced-trading-platform/src/services/marketData.js:121:25)
    at async Promise.all (index 0)
    at async MarketDataService.fetchMultiTimeframe (file:///C:/Users/movi
es/Workspace/advanced-trading-platform/src/services/marketData.js:149:29)
    at async DirectionalConfidenceGate.checkMultiTFTrend (file:///C:/User
s/movies/Workspace/advanced-trading-platform/src/analysis/DirectionalConf
idenceGate.js:73:29)
    at async DirectionalConfidenceGate.validateDirection (file:///C:/User
s/movies/Workspace/advanced-trading-platform/src/analysis/DirectionalConf
idenceGate.js:25:38)
    at async Promise.all (index 1)
    at async file:///C:/Users/movies/Workspace/advanced-trading-platform/
src/services/analysisOrchestrator.js:720:57
    at async Promise.all (index 1)
    at async AnalysisOrchestrator.analyze (file:///C:/Users/movies/Worksp
ace/advanced-trading-platform/src/services/analysisOrchestrator.js:676:38
) {
  [cause]: TypeError: Invalid URL
      at new URL (node:internal/url:828:25)
      at new Request (node:internal/deps/undici/undici:10971:25)
      at fetch (node:internal/deps/undici/undici:11891:25)
      at fetch (node:internal/deps/undici/undici:16414:10)
      at fetch 
(node:internal/bootstrap/web/exposed-window-or-worker:83:12)
      at MarketDataService.fetchHistory (file:///C:/Users/movies/Workspac
e/advanced-trading-platform/src/services/marketData.js:121:31)
      at file:///C:/Users/movies/Workspace/advanced-trading-platform/src/
services/marketData.js:150:43
      at Array.map (<anonymous>)
      at MarketDataService.fetchMultiTimeframe (file:///C:/Users/movies/W
orkspace/advanced-trading-platform/src/services/marketData.js:150:28)
      at DirectionalConfidenceGate.checkMultiTFTrend (file:///C:/Users/mo
vies/Workspace/advanced-trading-platform/src/analysis/DirectionalConfiden
ceGate.js:73:46) {
    code: 'ERR_INVALID_URL',
    input: '/api/binance/klines?symbol=EURUSDT&interval=15m&limit=50'
  }
}
CRITICAL: API Connection Failed for EUR/USD TypeError: Failed to parse 
URL from /api/binance/klines?symbol=EURUSDT&interval=1h&limit=50
    at node:internal/deps/undici/undici:16416:13
    at async MarketDataService.fetchHistory (file:///C:/Users/movies/Work
space/advanced-trading-platform/src/services/marketData.js:121:25)
    at async Promise.all (index 1)
    at async MarketDataService.fetchMultiTimeframe (file:///C:/Users/movi
es/Workspace/advanced-trading-platform/src/services/marketData.js:149:29)
    at async DirectionalConfidenceGate.checkMultiTFTrend (file:///C:/User
s/movies/Workspace/advanced-trading-platform/src/analysis/DirectionalConf
idenceGate.js:73:29)
    at async DirectionalConfidenceGate.validateDirection (file:///C:/User
s/movies/Workspace/advanced-trading-platform/src/analysis/DirectionalConf
idenceGate.js:25:38)
    at async Promise.all (index 1)
    at async file:///C:/Users/movies/Workspace/advanced-trading-platform/
src/services/analysisOrchestrator.js:720:57
    at async Promise.all (index 1)
    at async AnalysisOrchestrator.analyze (file:///C:/Users/movies/Worksp
ace/advanced-trading-platform/src/services/analysisOrchestrator.js:676:38
) {
  [cause]: TypeError: Invalid URL
      at new URL (node:internal/url:828:25)
      at new Request (node:internal/deps/undici/undici:10971:25)
      at fetch (node:internal/deps/undici/undici:11891:25)
      at fetch (node:internal/deps/undici/undici:16414:10)
      at fetch 
(node:internal/bootstrap/web/exposed-window-or-worker:83:12)
      at MarketDataService.fetchHistory (file:///C:/Users/movies/Workspac
e/advanced-trading-platform/src/services/marketData.js:121:31)
      at file:///C:/Users/movies/Workspace/advanced-trading-platform/src/
services/marketData.js:150:43
      at Array.map (<anonymous>)
      at MarketDataService.fetchMultiTimeframe (file:///C:/Users/movies/W
orkspace/advanced-trading-platform/src/services/marketData.js:150:28)
      at DirectionalConfidenceGate.checkMultiTFTrend (file:///C:/Users/mo
vies/Workspace/advanced-trading-platform/src/analysis/DirectionalConfiden
ceGate.js:73:46) {
    code: 'ERR_INVALID_URL',
    input: '/api/binance/klines?symbol=EURUSDT&interval=1h&limit=50'
  }
}
CRITICAL: API Connection Failed for EUR/USD TypeError: Failed to parse 
URL from /api/binance/klines?symbol=EURUSDT&interval=4h&limit=50
    at node:internal/deps/undici/undici:16416:13
    at async MarketDataService.fetchHistory (file:///C:/Users/movies/Work
space/advanced-trading-platform/src/services/marketData.js:121:25)
    at async Promise.all (index 2)
    at async MarketDataService.fetchMultiTimeframe (file:///C:/Users/movi
es/Workspace/advanced-trading-platform/src/services/marketData.js:149:29)
    at async DirectionalConfidenceGate.checkMultiTFTrend (file:///C:/User
s/movies/Workspace/advanced-trading-platform/src/analysis/DirectionalConf
idenceGate.js:73:29)
    at async DirectionalConfidenceGate.validateDirection (file:///C:/User
s/movies/Workspace/advanced-trading-platform/src/analysis/DirectionalConf
idenceGate.js:25:38)
    at async Promise.all (index 1)
    at async file:///C:/Users/movies/Workspace/advanced-trading-platform/
src/services/analysisOrchestrator.js:720:57
    at async Promise.all (index 1)
    at async AnalysisOrchestrator.analyze (file:///C:/Users/movies/Worksp
ace/advanced-trading-platform/src/services/analysisOrchestrator.js:676:38
) {
  [cause]: TypeError: Invalid URL
      at new URL (node:internal/url:828:25)
      at new Request (node:internal/deps/undici/undici:10971:25)
      at fetch (node:internal/deps/undici/undici:11891:25)
      at fetch (node:internal/deps/undici/undici:16414:10)
      at fetch 
(node:internal/bootstrap/web/exposed-window-or-worker:83:12)
      at MarketDataService.fetchHistory (file:///C:/Users/movies/Workspac
e/advanced-trading-platform/src/services/marketData.js:121:31)
      at file:///C:/Users/movies/Workspace/advanced-trading-platform/src/
services/marketData.js:150:43
      at Array.map (<anonymous>)
      at MarketDataService.fetchMultiTimeframe (file:///C:/Users/movies/W
orkspace/advanced-trading-platform/src/services/marketData.js:150:28)
      at DirectionalConfidenceGate.checkMultiTFTrend (file:///C:/Users/mo
vies/Workspace/advanced-trading-platform/src/analysis/DirectionalConfiden
ceGate.js:73:46) {
    code: 'ERR_INVALID_URL',
    input: '/api/binance/klines?symbol=EURUSDT&interval=4h&limit=50'
  }
}
CRITICAL: API Connection Failed for EUR/USD TypeError: Failed to parse 
URL from /api/binance/klines?symbol=EURUSDT&interval=1d&limit=50
    at node:internal/deps/undici/undici:16416:13
    at async MarketDataService.fetchHistory (file:///C:/Users/movies/Work
space/advanced-trading-platform/src/services/marketData.js:121:25)
    at async Promise.all (index 3)
    at async MarketDataService.fetchMultiTimeframe (file:///C:/Users/movi
es/Workspace/advanced-trading-platform/src/services/marketData.js:149:29)
    at async DirectionalConfidenceGate.checkMultiTFTrend (file:///C:/User
s/movies/Workspace/advanced-trading-platform/src/analysis/DirectionalConf
idenceGate.js:73:29)
    at async DirectionalConfidenceGate.validateDirection (file:///C:/User
s/movies/Workspace/advanced-trading-platform/src/analysis/DirectionalConf
idenceGate.js:25:38)
    at async Promise.all (index 1)
    at async file:///C:/Users/movies/Workspace/advanced-trading-platform/
src/services/analysisOrchestrator.js:720:57
    at async Promise.all (index 1)
    at async AnalysisOrchestrator.analyze (file:///C:/Users/movies/Worksp
ace/advanced-trading-platform/src/services/analysisOrchestrator.js:676:38
) {
  [cause]: TypeError: Invalid URL
      at new URL (node:internal/url:828:25)
      at new Request (node:internal/deps/undici/undici:10971:25)
      at fetch (node:internal/deps/undici/undici:11891:25)
      at fetch (node:internal/deps/undici/undici:16414:10)
      at fetch 
(node:internal/bootstrap/web/exposed-window-or-worker:83:12)
      at MarketDataService.fetchHistory (file:///C:/Users/movies/Workspac
e/advanced-trading-platform/src/services/marketData.js:121:31)
      at file:///C:/Users/movies/Workspace/advanced-trading-platform/src/
services/marketData.js:150:43
      at Array.map (<anonymous>)
      at MarketDataService.fetchMultiTimeframe (file:///C:/Users/movies/W
orkspace/advanced-trading-platform/src/services/marketData.js:150:28)
      at DirectionalConfidenceGate.checkMultiTFTrend (file:///C:/Users/mo
vies/Workspace/advanced-trading-platform/src/analysis/DirectionalConfiden
ceGate.js:73:46) {
    code: 'ERR_INVALID_URL',
    input: '/api/binance/klines?symbol=EURUSDT&interval=1d&limit=50'
  }
}
CRITICAL: API Connection Failed for EUR/USD TypeError: Failed to parse 
URL from /api/binance/klines?symbol=EURUSDT&interval=15m&limit=50
    at node:internal/deps/undici/undici:16416:13
    at async MarketDataService.fetchHistory (file:///C:/Users/movies/Work
space/advanced-trading-platform/src/services/marketData.js:121:25)
    at async Promise.all (index 0)
    at async MarketDataService.fetchMultiTimeframe (file:///C:/Users/movi
es/Workspace/advanced-trading-platform/src/services/marketData.js:149:29)
    at async DirectionalConfidenceGate.checkMultiTFTrend (file:///C:/User
s/movies/Workspace/advanced-trading-platform/src/analysis/DirectionalConf
idenceGate.js:73:29)
    at async DirectionalConfidenceGate.validateDirection (file:///C:/User
s/movies/Workspace/advanced-trading-platform/src/analysis/DirectionalConf
idenceGate.js:25:38)
    at async Promise.all (index 1)
    at async file:///C:/Users/movies/Workspace/advanced-trading-platform/
src/services/analysisOrchestrator.js:720:57
    at async Promise.all (index 2)
    at async AnalysisOrchestrator.analyze (file:///C:/Users/movies/Worksp
ace/advanced-trading-platform/src/services/analysisOrchestrator.js:676:38
) {
  [cause]: TypeError: Invalid URL
      at new URL (node:internal/url:828:25)
      at new Request (node:internal/deps/undici/undici:10971:25)
      at fetch (node:internal/deps/undici/undici:11891:25)
      at fetch (node:internal/deps/undici/undici:16414:10)
      at fetch 
(node:internal/bootstrap/web/exposed-window-or-worker:83:12)
      at MarketDataService.fetchHistory (file:///C:/Users/movies/Workspac
e/advanced-trading-platform/src/services/marketData.js:121:31)
      at file:///C:/Users/movies/Workspace/advanced-trading-platform/src/
services/marketData.js:150:43
      at Array.map (<anonymous>)
      at MarketDataService.fetchMultiTimeframe (file:///C:/Users/movies/W
orkspace/advanced-trading-platform/src/services/marketData.js:150:28)
      at DirectionalConfidenceGate.checkMultiTFTrend (file:///C:/Users/mo
vies/Workspace/advanced-trading-platform/src/analysis/DirectionalConfiden
ceGate.js:73:46) {
    code: 'ERR_INVALID_URL',
    input: '/api/binance/klines?symbol=EURUSDT&interval=15m&limit=50'
  }
}
CRITICAL: API Connection Failed for EUR/USD TypeError: Failed to parse 
URL from /api/binance/klines?symbol=EURUSDT&interval=1h&limit=50
    at node:internal/deps/undici/undici:16416:13
    at async MarketDataService.fetchHistory (file:///C:/Users/movies/Work
space/advanced-trading-platform/src/services/marketData.js:121:25)
    at async Promise.all (index 1)
    at async MarketDataService.fetchMultiTimeframe (file:///C:/Users/movi
es/Workspace/advanced-trading-platform/src/services/marketData.js:149:29)
    at async DirectionalConfidenceGate.checkMultiTFTrend (file:///C:/User
s/movies/Workspace/advanced-trading-platform/src/analysis/DirectionalConf
idenceGate.js:73:29)
    at async DirectionalConfidenceGate.validateDirection (file:///C:/User
s/movies/Workspace/advanced-trading-platform/src/analysis/DirectionalConf
idenceGate.js:25:38)
    at async Promise.all (index 1)
    at async file:///C:/Users/movies/Workspace/advanced-trading-platform/
src/services/analysisOrchestrator.js:720:57
    at async Promise.all (index 2)
    at async AnalysisOrchestrator.analyze (file:///C:/Users/movies/Worksp
ace/advanced-trading-platform/src/services/analysisOrchestrator.js:676:38
) {
  [cause]: TypeError: Invalid URL
      at new URL (node:internal/url:828:25)
      at new Request (node:internal/deps/undici/undici:10971:25)
      at fetch (node:internal/deps/undici/undici:11891:25)
      at fetch (node:internal/deps/undici/undici:16414:10)
      at fetch 
(node:internal/bootstrap/web/exposed-window-or-worker:83:12)
      at MarketDataService.fetchHistory (file:///C:/Users/movies/Workspac
e/advanced-trading-platform/src/services/marketData.js:121:31)
      at file:///C:/Users/movies/Workspace/advanced-trading-platform/src/
services/marketData.js:150:43
      at Array.map (<anonymous>)
      at MarketDataService.fetchMultiTimeframe (file:///C:/Users/movies/W
orkspace/advanced-trading-platform/src/services/marketData.js:150:28)
      at DirectionalConfidenceGate.checkMultiTFTrend (file:///C:/Users/mo
vies/Workspace/advanced-trading-platform/src/analysis/DirectionalConfiden
ceGate.js:73:46) {
    code: 'ERR_INVALID_URL',
    input: '/api/binance/klines?symbol=EURUSDT&interval=1h&limit=50'
  }
}
CRITICAL: API Connection Failed for EUR/USD TypeError: Failed to parse 
URL from /api/binance/klines?symbol=EURUSDT&interval=4h&limit=50
    at node:internal/deps/undici/undici:16416:13
    at async MarketDataService.fetchHistory (file:///C:/Users/movies/Work
space/advanced-trading-platform/src/services/marketData.js:121:25)
    at async Promise.all (index 2)
    at async MarketDataService.fetchMultiTimeframe (file:///C:/Users/movi
es/Workspace/advanced-trading-platform/src/services/marketData.js:149:29)
    at async DirectionalConfidenceGate.checkMultiTFTrend (file:///C:/User
s/movies/Workspace/advanced-trading-platform/src/analysis/DirectionalConf
idenceGate.js:73:29)
    at async DirectionalConfidenceGate.validateDirection (file:///C:/User
s/movies/Workspace/advanced-trading-platform/src/analysis/DirectionalConf
idenceGate.js:25:38)
    at async Promise.all (index 1)
    at async file:///C:/Users/movies/Workspace/advanced-trading-platform/
src/services/analysisOrchestrator.js:720:57
    at async Promise.all (index 2)
    at async AnalysisOrchestrator.analyze (file:///C:/Users/movies/Worksp
ace/advanced-trading-platform/src/services/analysisOrchestrator.js:676:38
) {
  [cause]: TypeError: Invalid URL
      at new URL (node:internal/url:828:25)
      at new Request (node:internal/deps/undici/undici:10971:25)
      at fetch (node:internal/deps/undici/undici:11891:25)
      at fetch (node:internal/deps/undici/undici:16414:10)
      at fetch 
(node:internal/bootstrap/web/exposed-window-or-worker:83:12)
      at MarketDataService.fetchHistory (file:///C:/Users/movies/Workspac
e/advanced-trading-platform/src/services/marketData.js:121:31)
      at file:///C:/Users/movies/Workspace/advanced-trading-platform/src/
services/marketData.js:150:43
      at Array.map (<anonymous>)
      at MarketDataService.fetchMultiTimeframe (file:///C:/Users/movies/W
orkspace/advanced-trading-platform/src/services/marketData.js:150:28)
      at DirectionalConfidenceGate.checkMultiTFTrend (file:///C:/Users/mo
vies/Workspace/advanced-trading-platform/src/analysis/DirectionalConfiden
ceGate.js:73:46) {
    code: 'ERR_INVALID_URL',
    input: '/api/binance/klines?symbol=EURUSDT&interval=4h&limit=50'
  }
}
CRITICAL: API Connection Failed for EUR/USD TypeError: Failed to parse 
URL from /api/binance/klines?symbol=EURUSDT&interval=1d&limit=50
    at node:internal/deps/undici/undici:16416:13
    at async MarketDataService.fetchHistory (file:///C:/Users/movies/Work
space/advanced-trading-platform/src/services/marketData.js:121:25)
    at async Promise.all (index 3)
    at async MarketDataService.fetchMultiTimeframe (file:///C:/Users/movi
es/Workspace/advanced-trading-platform/src/services/marketData.js:149:29)
    at async DirectionalConfidenceGate.checkMultiTFTrend (file:///C:/User
s/movies/Workspace/advanced-trading-platform/src/analysis/DirectionalConf
idenceGate.js:73:29)
    at async DirectionalConfidenceGate.validateDirection (file:///C:/User
s/movies/Workspace/advanced-trading-platform/src/analysis/DirectionalConf
idenceGate.js:25:38)
    at async Promise.all (index 1)
    at async file:///C:/Users/movies/Workspace/advanced-trading-platform/
src/services/analysisOrchestrator.js:720:57
    at async Promise.all (index 2)
    at async AnalysisOrchestrator.analyze (file:///C:/Users/movies/Worksp
ace/advanced-trading-platform/src/services/analysisOrchestrator.js:676:38
) {
  [cause]: TypeError: Invalid URL
      at new URL (node:internal/url:828:25)
      at new Request (node:internal/deps/undici/undici:10971:25)
      at fetch (node:internal/deps/undici/undici:11891:25)
      at fetch (node:internal/deps/undici/undici:16414:10)
      at fetch 
(node:internal/bootstrap/web/exposed-window-or-worker:83:12)
      at MarketDataService.fetchHistory (file:///C:/Users/movies/Workspac
e/advanced-trading-platform/src/services/marketData.js:121:31)
      at file:///C:/Users/movies/Workspace/advanced-trading-platform/src/
services/marketData.js:150:43
      at Array.map (<anonymous>)
      at MarketDataService.fetchMultiTimeframe (file:///C:/Users/movies/W
orkspace/advanced-trading-platform/src/services/marketData.js:150:28)
      at DirectionalConfidenceGate.checkMultiTFTrend (file:///C:/Users/mo
vies/Workspace/advanced-trading-platform/src/analysis/DirectionalConfiden
ceGate.js:73:46) {
    code: 'ERR_INVALID_URL',
    input: '/api/binance/klines?symbol=EURUSDT&interval=1d&limit=50'
  }
}
CRITICAL: API Connection Failed for EUR/USD TypeError: Failed to parse 
URL from /api/binance/klines?symbol=EURUSDT&interval=15m&limit=50
    at node:internal/deps/undici/undici:16416:13
    at async MarketDataService.fetchHistory (file:///C:/Users/movies/Work
space/advanced-trading-platform/src/services/marketData.js:121:25)
    at async Promise.all (index 0)
    at async MarketDataService.fetchMultiTimeframe (file:///C:/Users/movi
es/Workspace/advanced-trading-platform/src/services/marketData.js:149:29)
    at async DirectionalConfidenceGate.checkMultiTFTrend (file:///C:/User
s/movies/Workspace/advanced-trading-platform/src/analysis/DirectionalConf
idenceGate.js:73:29)
    at async DirectionalConfidenceGate.validateDirection (file:///C:/User
s/movies/Workspace/advanced-trading-platform/src/analysis/DirectionalConf
idenceGate.js:25:38)
    at async Promise.all (index 1)
    at async file:///C:/Users/movies/Workspace/advanced-trading-platform/
src/services/analysisOrchestrator.js:720:57
    at async Promise.all (index 3)
    at async AnalysisOrchestrator.analyze (file:///C:/Users/movies/Worksp
ace/advanced-trading-platform/src/services/analysisOrchestrator.js:676:38
) {
  [cause]: TypeError: Invalid URL
      at new URL (node:internal/url:828:25)
      at new Request (node:internal/deps/undici/undici:10971:25)
      at fetch (node:internal/deps/undici/undici:11891:25)
      at fetch (node:internal/deps/undici/undici:16414:10)
      at fetch 
(node:internal/bootstrap/web/exposed-window-or-worker:83:12)
      at MarketDataService.fetchHistory (file:///C:/Users/movies/Workspac
e/advanced-trading-platform/src/services/marketData.js:121:31)
      at file:///C:/Users/movies/Workspace/advanced-trading-platform/src/
services/marketData.js:150:43
      at Array.map (<anonymous>)
      at MarketDataService.fetchMultiTimeframe (file:///C:/Users/movies/W
orkspace/advanced-trading-platform/src/services/marketData.js:150:28)
      at DirectionalConfidenceGate.checkMultiTFTrend (file:///C:/Users/mo
vies/Workspace/advanced-trading-platform/src/analysis/DirectionalConfiden
ceGate.js:73:46) {
    code: 'ERR_INVALID_URL',
    input: '/api/binance/klines?symbol=EURUSDT&interval=15m&limit=50'
  }
}
CRITICAL: API Connection Failed for EUR/USD TypeError: Failed to parse 
URL from /api/binance/klines?symbol=EURUSDT&interval=1h&limit=50
    at node:internal/deps/undici/undici:16416:13
    at async MarketDataService.fetchHistory (file:///C:/Users/movies/Work
space/advanced-trading-platform/src/services/marketData.js:121:25)
    at async Promise.all (index 1)
    at async MarketDataService.fetchMultiTimeframe (file:///C:/Users/movi
es/Workspace/advanced-trading-platform/src/services/marketData.js:149:29)
    at async DirectionalConfidenceGate.checkMultiTFTrend (file:///C:/User
s/movies/Workspace/advanced-trading-platform/src/analysis/DirectionalConf
idenceGate.js:73:29)
    at async DirectionalConfidenceGate.validateDirection (file:///C:/User
s/movies/Workspace/advanced-trading-platform/src/analysis/DirectionalConf
idenceGate.js:25:38)
    at async Promise.all (index 1)
    at async file:///C:/Users/movies/Workspace/advanced-trading-platform/
src/services/analysisOrchestrator.js:720:57
    at async Promise.all (index 3)
    at async AnalysisOrchestrator.analyze (file:///C:/Users/movies/Worksp
ace/advanced-trading-platform/src/services/analysisOrchestrator.js:676:38
) {
  [cause]: TypeError: Invalid URL
      at new URL (node:internal/url:828:25)
      at new Request (node:internal/deps/undici/undici:10971:25)
      at fetch (node:internal/deps/undici/undici:11891:25)
      at fetch (node:internal/deps/undici/undici:16414:10)
      at fetch 
(node:internal/bootstrap/web/exposed-window-or-worker:83:12)
      at MarketDataService.fetchHistory (file:///C:/Users/movies/Workspac
e/advanced-trading-platform/src/services/marketData.js:121:31)
      at file:///C:/Users/movies/Workspace/advanced-trading-platform/src/
services/marketData.js:150:43
      at Array.map (<anonymous>)
      at MarketDataService.fetchMultiTimeframe (file:///C:/Users/movies/W
orkspace/advanced-trading-platform/src/services/marketData.js:150:28)
      at DirectionalConfidenceGate.checkMultiTFTrend (file:///C:/Users/mo
vies/Workspace/advanced-trading-platform/src/analysis/DirectionalConfiden
ceGate.js:73:46) {
    code: 'ERR_INVALID_URL',
    input: '/api/binance/klines?symbol=EURUSDT&interval=1h&limit=50'
  }
}
CRITICAL: API Connection Failed for EUR/USD TypeError: Failed to parse 
URL from /api/binance/klines?symbol=EURUSDT&interval=4h&limit=50
    at node:internal/deps/undici/undici:16416:13
    at async MarketDataService.fetchHistory (file:///C:/Users/movies/Work
space/advanced-trading-platform/src/services/marketData.js:121:25)
    at async Promise.all (index 2)
    at async MarketDataService.fetchMultiTimeframe (file:///C:/Users/movi
es/Workspace/advanced-trading-platform/src/services/marketData.js:149:29)
    at async DirectionalConfidenceGate.checkMultiTFTrend (file:///C:/User
s/movies/Workspace/advanced-trading-platform/src/analysis/DirectionalConf
idenceGate.js:73:29)
    at async DirectionalConfidenceGate.validateDirection (file:///C:/User
s/movies/Workspace/advanced-trading-platform/src/analysis/DirectionalConf
idenceGate.js:25:38)
    at async Promise.all (index 1)
    at async file:///C:/Users/movies/Workspace/advanced-trading-platform/
src/services/analysisOrchestrator.js:720:57
    at async Promise.all (index 3)
    at async AnalysisOrchestrator.analyze (file:///C:/Users/movies/Worksp
ace/advanced-trading-platform/src/services/analysisOrchestrator.js:676:38
) {
  [cause]: TypeError: Invalid URL
      at new URL (node:internal/url:828:25)
      at new Request (node:internal/deps/undici/undici:10971:25)
      at fetch (node:internal/deps/undici/undici:11891:25)
      at fetch (node:internal/deps/undici/undici:16414:10)
      at fetch 
(node:internal/bootstrap/web/exposed-window-or-worker:83:12)
      at MarketDataService.fetchHistory (file:///C:/Users/movies/Workspac
e/advanced-trading-platform/src/services/marketData.js:121:31)
      at file:///C:/Users/movies/Workspace/advanced-trading-platform/src/
services/marketData.js:150:43
      at Array.map (<anonymous>)
      at MarketDataService.fetchMultiTimeframe (file:///C:/Users/movies/W
orkspace/advanced-trading-platform/src/services/marketData.js:150:28)
      at DirectionalConfidenceGate.checkMultiTFTrend (file:///C:/Users/mo
vies/Workspace/advanced-trading-platform/src/analysis/DirectionalConfiden
ceGate.js:73:46) {
    code: 'ERR_INVALID_URL',
    input: '/api/binance/klines?symbol=EURUSDT&interval=4h&limit=50'
  }
}
CRITICAL: API Connection Failed for EUR/USD TypeError: Failed to parse 
URL from /api/binance/klines?symbol=EURUSDT&interval=1d&limit=50
    at node:internal/deps/undici/undici:16416:13
    at async MarketDataService.fetchHistory (file:///C:/Users/movies/Work
space/advanced-trading-platform/src/services/marketData.js:121:25)
    at async Promise.all (index 3)
    at async MarketDataService.fetchMultiTimeframe (file:///C:/Users/movi
es/Workspace/advanced-trading-platform/src/services/marketData.js:149:29)
    at async DirectionalConfidenceGate.checkMultiTFTrend (file:///C:/User
s/movies/Workspace/advanced-trading-platform/src/analysis/DirectionalConf
idenceGate.js:73:29)
    at async DirectionalConfidenceGate.validateDirection (file:///C:/User
s/movies/Workspace/advanced-trading-platform/src/analysis/DirectionalConf
idenceGate.js:25:38)
    at async Promise.all (index 1)
    at async file:///C:/Users/movies/Workspace/advanced-trading-platform/
src/services/analysisOrchestrator.js:720:57
    at async Promise.all (index 3)
    at async AnalysisOrchestrator.analyze (file:///C:/Users/movies/Worksp
ace/advanced-trading-platform/src/services/analysisOrchestrator.js:676:38
) {
  [cause]: TypeError: Invalid URL
      at new URL (node:internal/url:828:25)
      at new Request (node:internal/deps/undici/undici:10971:25)
      at fetch (node:internal/deps/undici/undici:11891:25)
      at fetch (node:internal/deps/undici/undici:16414:10)
      at fetch 
(node:internal/bootstrap/web/exposed-window-or-worker:83:12)
      at MarketDataService.fetchHistory (file:///C:/Users/movies/Workspac
e/advanced-trading-platform/src/services/marketData.js:121:31)
      at file:///C:/Users/movies/Workspace/advanced-trading-platform/src/
services/marketData.js:150:43
      at Array.map (<anonymous>)
      at MarketDataService.fetchMultiTimeframe (file:///C:/Users/movies/W
orkspace/advanced-trading-platform/src/services/marketData.js:150:28)
      at DirectionalConfidenceGate.checkMultiTFTrend (file:///C:/Users/mo
vies/Workspace/advanced-trading-platform/src/analysis/DirectionalConfiden
ceGate.js:73:46) {
    code: 'ERR_INVALID_URL',
    input: '/api/binance/klines?symbol=EURUSDT&interval=1d&limit=50'
  }
}
Parallel fetch failed for EUR/USD @ 15m: Market data unavailable for 
EUR/USD [15m]. Code: Failed to parse URL from 
/api/binance/klines?symbol=EURUSDT&interval=15m&limit=50
Parallel fetch failed for EUR/USD @ 1h: Market data unavailable for 
EUR/USD [1h]. Code: Failed to parse URL from 
/api/binance/klines?symbol=EURUSDT&interval=1h&limit=50
Parallel fetch failed for EUR/USD @ 4h: Market data unavailable for 
EUR/USD [4h]. Code: Failed to parse URL from 
/api/binance/klines?symbol=EURUSDT&interval=4h&limit=50
Parallel fetch failed for EUR/USD @ 1d: Market data unavailable for 
EUR/USD [1d]. Code: Failed to parse URL from 
/api/binance/klines?symbol=EURUSDT&interval=1d&limit=50
Parallel fetch failed for EUR/USD @ 15m: Market data unavailable for 
EUR/USD [15m]. Code: Failed to parse URL from 
/api/binance/klines?symbol=EURUSDT&interval=15m&limit=50
Parallel fetch failed for EUR/USD @ 1h: Market data unavailable for 
EUR/USD [1h]. Code: Failed to parse URL from 
/api/binance/klines?symbol=EURUSDT&interval=1h&limit=50
Parallel fetch failed for EUR/USD @ 4h: Market data unavailable for 
EUR/USD [4h]. Code: Failed to parse URL from 
/api/binance/klines?symbol=EURUSDT&interval=4h&limit=50
Parallel fetch failed for EUR/USD @ 1d: Market data unavailable for 
EUR/USD [1d]. Code: Failed to parse URL from 
/api/binance/klines?symbol=EURUSDT&interval=1d&limit=50
Parallel fetch failed for EUR/USD @ 15m: Market data unavailable for 
EUR/USD [15m]. Code: Failed to parse URL from 
/api/binance/klines?symbol=EURUSDT&interval=15m&limit=50
Parallel fetch failed for EUR/USD @ 1h: Market data unavailable for 
EUR/USD [1h]. Code: Failed to parse URL from 
/api/binance/klines?symbol=EURUSDT&interval=1h&limit=50
Parallel fetch failed for EUR/USD @ 4h: Market data unavailable for 
EUR/USD [4h]. Code: Failed to parse URL from 
/api/binance/klines?symbol=EURUSDT&interval=4h&limit=50
Parallel fetch failed for EUR/USD @ 1d: Market data unavailable for 
EUR/USD [1d]. Code: Failed to parse URL from 
/api/binance/klines?symbol=EURUSDT&interval=1d&limit=50
Parallel fetch failed for EUR/USD @ 15m: Market data unavailable for 
EUR/USD [15m]. Code: Failed to parse URL from 
/api/binance/klines?symbol=EURUSDT&interval=15m&limit=50
Parallel fetch failed for EUR/USD @ 1h: Market data unavailable for 
EUR/USD [1h]. Code: Failed to parse URL from 
/api/binance/klines?symbol=EURUSDT&interval=1h&limit=50
Parallel fetch failed for EUR/USD @ 4h: Market data unavailable for 
EUR/USD [4h]. Code: Failed to parse URL from 
/api/binance/klines?symbol=EURUSDT&interval=4h&limit=50
Parallel fetch failed for EUR/USD @ 1d: Market data unavailable for 
EUR/USD [1d]. Code: Failed to parse URL from 
/api/binance/klines?symbol=EURUSDT&interval=1d&limit=50
Failed to get strategy performance: [FirebaseError: Expected first 
argument to collection() to be a CollectionReference, a 
DocumentReference or FirebaseFirestore] {
  code: 'invalid-argument',
  customData: undefined,
  toString: [Function (anonymous)]
}
Failed to get strategy performance: [FirebaseError: Expected first 
argument to collection() to be a CollectionReference, a 
DocumentReference or FirebaseFirestore] {
  code: 'invalid-argument',
  customData: undefined,
  toString: [Function (anonymous)]
}
Failed to get strategy performance: [FirebaseError: Expected first 
argument to collection() to be a CollectionReference, a 
DocumentReference or FirebaseFirestore] {
  code: 'invalid-argument',
  customData: undefined,
  toString: [Function (anonymous)]
}
Failed to get strategy performance: [FirebaseError: Expected first 
argument to collection() to be a CollectionReference, a 
DocumentReference or FirebaseFirestore] {
  code: 'invalid-argument',
  customData: undefined,
  toString: [Function (anonymous)]
}
[PredictionTracker] Error evaluating predictions: [FirebaseError: 
Expected first argument to collection() to be a CollectionReference, a 
DocumentReference or FirebaseFirestore] {
  code: 'invalid-argument',
  customData: undefined,
  toString: [Function (anonymous)]
}
[PredictionTracker] Error getting stats: [FirebaseError: Expected first 
argument to collection() to be a CollectionReference, a 
DocumentReference or FirebaseFirestore] {
  code: 'invalid-argument',
  customData: undefined,
  toString: [Function (anonymous)]
}
ΓÜá∩╕Å No imminent news found in mocks for EUR/USD. Check fundamentalAnalyzer mocks.

Γ£¿ Ultimate Platform Logic Verification Complete!
Connected to Depth Stream: eurusdt
